Archive member included because of file (symbol)

c:/program files (x86)/atmel/studio/7.0/toolchain/arm/arm-gnu-toolchain/bin/../lib/gcc/arm-none-eabi/4.9.3/armv6-m\libgcc.a(_udivsi3.o)
                              src/ASF/common2/services/delay/sam0/systick_counter.o (__aeabi_uidiv)
c:/program files (x86)/atmel/studio/7.0/toolchain/arm/arm-gnu-toolchain/bin/../lib/gcc/arm-none-eabi/4.9.3/armv6-m\libgcc.a(_dvmd_tls.o)
                              c:/program files (x86)/atmel/studio/7.0/toolchain/arm/arm-gnu-toolchain/bin/../lib/gcc/arm-none-eabi/4.9.3/armv6-m\libgcc.a(_udivsi3.o) (__aeabi_idiv0)
c:/program files (x86)/atmel/studio/7.0/toolchain/arm/arm-gnu-toolchain/bin/../lib/gcc/arm-none-eabi/4.9.3/armv6-m\libgcc.a(_muldi3.o)
                              src/ASF/sam0/drivers/sercom/sercom.o (__aeabi_lmul)
c:/program files (x86)/atmel/studio/7.0/toolchain/arm/arm-gnu-toolchain/bin/../lib/gcc/arm-none-eabi/4.9.3/../../../../arm-none-eabi/lib/armv6-m\libc_nano.a(lib_a-exit.o)
                              c:/program files (x86)/atmel/studio/7.0/toolchain/arm/arm-gnu-toolchain/bin/../lib/gcc/arm-none-eabi/4.9.3/../../../../arm-none-eabi/lib/armv6-m/crt0.o (exit)
c:/program files (x86)/atmel/studio/7.0/toolchain/arm/arm-gnu-toolchain/bin/../lib/gcc/arm-none-eabi/4.9.3/../../../../arm-none-eabi/lib/armv6-m\libc_nano.a(lib_a-impure.o)
                              c:/program files (x86)/atmel/studio/7.0/toolchain/arm/arm-gnu-toolchain/bin/../lib/gcc/arm-none-eabi/4.9.3/../../../../arm-none-eabi/lib/armv6-m\libc_nano.a(lib_a-exit.o) (_global_impure_ptr)
c:/program files (x86)/atmel/studio/7.0/toolchain/arm/arm-gnu-toolchain/bin/../lib/gcc/arm-none-eabi/4.9.3/../../../../arm-none-eabi/lib/armv6-m\libc_nano.a(lib_a-init.o)
                              c:/program files (x86)/atmel/studio/7.0/toolchain/arm/arm-gnu-toolchain/bin/../lib/gcc/arm-none-eabi/4.9.3/../../../../arm-none-eabi/lib/armv6-m/crt0.o (__libc_init_array)
c:/program files (x86)/atmel/studio/7.0/toolchain/arm/arm-gnu-toolchain/bin/../lib/gcc/arm-none-eabi/4.9.3/../../../../arm-none-eabi/lib/armv6-m\libc_nano.a(lib_a-memcpy.o)
                              src/tetris.o (memcpy)
c:/program files (x86)/atmel/studio/7.0/toolchain/arm/arm-gnu-toolchain/bin/../lib/gcc/arm-none-eabi/4.9.3/../../../../arm-none-eabi/lib/armv6-m\libc_nano.a(lib_a-memset.o)
                              c:/program files (x86)/atmel/studio/7.0/toolchain/arm/arm-gnu-toolchain/bin/../lib/gcc/arm-none-eabi/4.9.3/../../../../arm-none-eabi/lib/armv6-m/crt0.o (memset)
c:/program files (x86)/atmel/studio/7.0/toolchain/arm/arm-gnu-toolchain/bin/../lib/gcc/arm-none-eabi/4.9.3/../../../../arm-none-eabi/lib/armv6-m\libc_nano.a(lib_a-printf.o)
                              src/tetris.o (printf)
c:/program files (x86)/atmel/studio/7.0/toolchain/arm/arm-gnu-toolchain/bin/../lib/gcc/arm-none-eabi/4.9.3/../../../../arm-none-eabi/lib/armv6-m\libc_nano.a(lib_a-puts.o)
                              src/tetris.o (puts)
c:/program files (x86)/atmel/studio/7.0/toolchain/arm/arm-gnu-toolchain/bin/../lib/gcc/arm-none-eabi/4.9.3/../../../../arm-none-eabi/lib/armv6-m\libc_nano.a(lib_a-rand.o)
                              src/main.o (srand)
c:/program files (x86)/atmel/studio/7.0/toolchain/arm/arm-gnu-toolchain/bin/../lib/gcc/arm-none-eabi/4.9.3/../../../../arm-none-eabi/lib/armv6-m\libc_nano.a(lib_a-rget.o)
                              src/uart.o (__srget_r)
c:/program files (x86)/atmel/studio/7.0/toolchain/arm/arm-gnu-toolchain/bin/../lib/gcc/arm-none-eabi/4.9.3/../../../../arm-none-eabi/lib/armv6-m\libc_nano.a(lib_a-setbuf.o)
                              src/main.o (setbuf)
c:/program files (x86)/atmel/studio/7.0/toolchain/arm/arm-gnu-toolchain/bin/../lib/gcc/arm-none-eabi/4.9.3/../../../../arm-none-eabi/lib/armv6-m\libc_nano.a(lib_a-setvbuf.o)
                              c:/program files (x86)/atmel/studio/7.0/toolchain/arm/arm-gnu-toolchain/bin/../lib/gcc/arm-none-eabi/4.9.3/../../../../arm-none-eabi/lib/armv6-m\libc_nano.a(lib_a-setbuf.o) (setvbuf)
c:/program files (x86)/atmel/studio/7.0/toolchain/arm/arm-gnu-toolchain/bin/../lib/gcc/arm-none-eabi/4.9.3/../../../../arm-none-eabi/lib/armv6-m\libc_nano.a(lib_a-wbuf.o)
                              src/uart.o (__swbuf_r)
c:/program files (x86)/atmel/studio/7.0/toolchain/arm/arm-gnu-toolchain/bin/../lib/gcc/arm-none-eabi/4.9.3/../../../../arm-none-eabi/lib/armv6-m\libc_nano.a(lib_a-wsetup.o)
                              c:/program files (x86)/atmel/studio/7.0/toolchain/arm/arm-gnu-toolchain/bin/../lib/gcc/arm-none-eabi/4.9.3/../../../../arm-none-eabi/lib/armv6-m\libc_nano.a(lib_a-puts.o) (__swsetup_r)
c:/program files (x86)/atmel/studio/7.0/toolchain/arm/arm-gnu-toolchain/bin/../lib/gcc/arm-none-eabi/4.9.3/../../../../arm-none-eabi/lib/armv6-m\libc_nano.a(lib_a-fflush.o)
[...]
Memory Configuration

Name             Origin             Length             Attributes
rom              0x00000000         0x00004000         xr
ram              0x20000000         0x00001000         xrw
*default*        0x00000000         0xffffffff

Linker script and memory map

LOAD c:/program files (x86)/atmel/studio/7.0/toolchain/arm/arm-gnu-toolchain/bin/../lib/gcc/arm-none-eabi/4.9.3/armv6-m/crti.o
LOAD c:/program files (x86)/atmel/studio/7.0/toolchain/arm/arm-gnu-toolchain/bin/../lib/gcc/arm-none-eabi/4.9.3/armv6-m/crtbegin.o
LOAD c:/program files (x86)/atmel/studio/7.0/toolchain/arm/arm-gnu-toolchain/bin/../lib/gcc/arm-none-eabi/4.9.3/../../../../arm-none-eabi/lib/armv6-m/crt0.o
LOAD src/terminal.o
LOAD src/tetris.o
LOAD src/uart.o
LOAD src/ASF/common2/services/delay/sam0/systick_counter.o
LOAD src/ASF/common/utils/interrupt/interrupt_sam_nvic.o
LOAD src/ASF/sam0/boards/samd10_xplained_mini/board_init.o
LOAD src/ASF/sam0/drivers/extint/extint_callback.o
LOAD src/ASF/sam0/drivers/extint/extint_sam_d_r/extint.o
LOAD src/ASF/sam0/drivers/port/port.o
LOAD src/ASF/sam0/drivers/sercom/sercom.o
LOAD src/ASF/sam0/drivers/sercom/sercom_interrupt.o
LOAD src/ASF/sam0/drivers/sercom/usart/usart.o
LOAD src/ASF/sam0/drivers/sercom/usart/usart_interrupt.o
LOAD src/ASF/sam0/drivers/system/clock/clock_samd09_d10_d11/clock.o
LOAD src/ASF/sam0/drivers/system/clock/clock_samd09_d10_d11/gclk.o
LOAD src/ASF/sam0/drivers/system/interrupt/system_interrupt.o
LOAD src/ASF/sam0/drivers/system/pinmux/pinmux.o
LOAD src/ASF/sam0/drivers/system/system.o
LOAD src/ASF/sam0/drivers/tc/tc_interrupt.o
LOAD src/ASF/sam0/drivers/tc/tc_sam_d_r/tc.o
LOAD src/ASF/sam0/utils/cmsis/samd10/source/gcc/startup_samd10.o
LOAD src/ASF/sam0/utils/cmsis/samd10/source/system_samd10.o
LOAD src/ASF/sam0/utils/stdio/read.o
LOAD src/ASF/sam0/utils/stdio/write.o
LOAD src/ASF/sam0/utils/syscalls/gcc/syscalls.o
LOAD src/main.o
START GROUP
LOAD ../src/ASF/thirdparty/CMSIS/Lib/GCC\libarm_cortexM0l_math.a
LOAD c:/program files (x86)/atmel/studio/7.0/toolchain/arm/arm-gnu-toolchain/bin/../lib/gcc/arm-none-eabi/4.9.3/../../../../arm-none-eabi/lib/armv6-m\libm.a
END GROUP
START GROUP
LOAD c:/program files (x86)/atmel/studio/7.0/toolchain/arm/arm-gnu-toolchain/bin/../lib/gcc/arm-none-eabi/4.9.3/armv6-m\libgcc.a
LOAD c:/program files (x86)/atmel/studio/7.0/toolchain/arm/arm-gnu-toolchain/bin/../lib/gcc/arm-none-eabi/4.9.3/../../../../arm-none-eabi/lib/armv6-m\libc_nano.a
END GROUP
START GROUP
LOAD c:/program files (x86)/atmel/studio/7.0/toolchain/arm/arm-gnu-toolchain/bin/../lib/gcc/arm-none-eabi/4.9.3/armv6-m\libgcc.a
LOAD c:/program files (x86)/atmel/studio/7.0/toolchain/arm/arm-gnu-toolchain/bin/../lib/gcc/arm-none-eabi/4.9.3/../../../../arm-none-eabi/lib/armv6-m\libc_nano.a
END GROUP
LOAD c:/program files (x86)/atmel/studio/7.0/toolchain/arm/arm-gnu-toolchain/bin/../lib/gcc/arm-none-eabi/4.9.3/armv6-m/crtend.o
LOAD c:/program files (x86)/atmel/studio/7.0/toolchain/arm/arm-gnu-toolchain/bin/../lib/gcc/arm-none-eabi/4.9.3/armv6-m/crtn.o
                0x00000400                STACK_SIZE = DEFINED (STACK_SIZE)?STACK_SIZE:DEFINED (__stack_size__)?__stack_size__:0x400

.text           0x00000000     0x34f0
                0x00000000                . = ALIGN (0x4)
                0x00000000                _sfixed = .
 *(.vectors .vectors.*)
 .vectors       0x00000000       0x8c src/ASF/sam0/utils/cmsis/samd10/source/gcc/startup_samd10.o
                0x00000000                exception_table
 *(.text .text.* .gnu.linkonce.t.*)
 .text          0x0000008c       0x60 c:/program files (x86)/atmel/studio/7.0/toolchain/arm/arm-gnu-toolchain/bin/../lib/gcc/arm-none-eabi/4.9.3/armv6-m/crtbegin.o
 .text.terminal_clear
                0x000000ec       0x24 src/terminal.o
                0x000000ec                terminal_clear
 .text.terminal_cursor_off
                0x00000110       0x30 src/terminal.o
                0x00000110                terminal_cursor_off
 .text.terminal_cursor_home
                0x00000140       0x1c src/terminal.o
                0x00000140                terminal_cursor_home
 .text.terminal_putc
                0x0000015c       0x10 src/terminal.o
                0x0000015c                terminal_putc
 .text.tetris_init
                0x0000016c       0x30 src/tetris.o
                0x0000016c                tetris_init
 .text.tetris_print
                0x0000019c      0x15c src/tetris.o
                0x0000019c                tetris_print
 .text.tetris_hittest
                0x000002f8       0xc0 src/tetris.o
                0x000002f8                tetris_hittest
 .text.tetris_new_block
                0x000003b8       0x68 src/tetris.o
                0x000003b8                tetris_new_block
 .text.tetris_print_block
                0x00000420       0x60 src/tetris.o
                0x00000420                tetris_print_block
 .text.tetris_rotate
                0x00000480      0x114 src/tetris.o
                0x00000480                tetris_rotate
 .text.tetris_gravity
                0x00000594       0x38 src/tetris.o
                0x00000594                tetris_gravity
 .text.tetris_fall
                0x000005cc       0x48 src/tetris.o
                0x000005cc                tetris_fall
 .text.tetris_check_lines
                0x00000614       0x70 src/tetris.o
                0x00000614                tetris_check_lines
 .text.tetris_is_game_over
                0x00000684        0xc src/tetris.o
                0x00000684                tetris_is_game_over
 .text.tetris_move_right
                0x00000690       0x28 src/tetris.o
                0x00000690                tetris_move_right
 .text.tetris_move_left
                0x000006b8       0x28 src/tetris.o
                0x000006b8                tetris_move_left
 .text.uart_putc
                0x000006e0       0x88 src/uart.o
                0x000006e0                uart_putc
 .text.delay_init
                0x00000768       0x3c src/ASF/common2/services/delay/sam0/systick_counter.o
                0x00000768                delay_init
 .text.cpu_irq_enter_critical
                0x000007a4       0x40 src/ASF/common/utils/interrupt/interrupt_sam_nvic.o
                0x000007a4                cpu_irq_enter_critical
 .text.cpu_irq_leave_critical
                0x000007e4       0x30 src/ASF/common/utils/interrupt/interrupt_sam_nvic.o
                0x000007e4                cpu_irq_leave_critical
 .text.system_board_init
                0x00000814       0x38 src/ASF/sam0/boards/samd10_xplained_mini/board_init.o
                0x00000814                board_init
                0x00000814                system_board_init
 .text.EIC_Handler
                0x0000084c       0x68 src/ASF/sam0/drivers/extint/extint_callback.o
                0x0000084c                EIC_Handler
 .text._extint_enable
                0x000008b4       0x18 src/ASF/sam0/drivers/extint/extint_sam_d_r/extint.o
 .text._system_extint_init
                0x000008cc       0x6c src/ASF/sam0/drivers/extint/extint_sam_d_r/extint.o
                0x000008cc                _system_extint_init
 .text.port_pin_set_config
                0x00000938       0x24 src/ASF/sam0/drivers/port/port.o
                0x00000938                port_pin_set_config
 .text._sercom_get_sync_baud_val
                0x0000095c       0x28 src/ASF/sam0/drivers/sercom/sercom.o
                0x0000095c                _sercom_get_sync_baud_val
 .text._sercom_get_async_baud_val
                0x00000984      0x1c8 src/ASF/sam0/drivers/sercom/sercom.o
                0x00000984                _sercom_get_async_baud_val
 .text.sercom_set_gclk_generator
                0x00000b4c       0x4c src/ASF/sam0/drivers/sercom/sercom.o
                0x00000b4c                sercom_set_gclk_generator
 .text._sercom_get_default_pad
                0x00000b98       0xc4 src/ASF/sam0/drivers/sercom/sercom.o
                0x00000b98                _sercom_get_default_pad
 .text._sercom_get_sercom_inst_index
                0x00000c5c       0x38 src/ASF/sam0/drivers/sercom/sercom.o
                0x00000c5c                _sercom_get_sercom_inst_index
 .text._sercom_default_handler
                0x00000c94        0x4 src/ASF/sam0/drivers/sercom/sercom_interrupt.o
 .text._sercom_set_handler
                0x00000c98       0x3c src/ASF/sam0/drivers/sercom/sercom_interrupt.o
                0x00000c98                _sercom_set_handler
 .text._sercom_get_interrupt_vector
                0x00000cd4       0x2c src/ASF/sam0/drivers/sercom/sercom_interrupt.o
                0x00000cd4                _sercom_get_interrupt_vector
 .text.SERCOM0_Handler
                0x00000d00       0x10 src/ASF/sam0/drivers/sercom/sercom_interrupt.o
                0x00000d00                SERCOM0_Handler
 .text.SERCOM1_Handler
                0x00000d10       0x10 src/ASF/sam0/drivers/sercom/sercom_interrupt.o
                0x00000d10                SERCOM1_Handler
 .text.SERCOM2_Handler
                0x00000d20       0x10 src/ASF/sam0/drivers/sercom/sercom_interrupt.o
                0x00000d20                SERCOM2_Handler
 .text.usart_init
                0x00000d30      0x338 src/ASF/sam0/drivers/sercom/usart/usart.o
                0x00000d30                usart_init
 .text.usart_write_wait
                0x00001068       0x2c src/ASF/sam0/drivers/sercom/usart/usart.o
                0x00001068                usart_write_wait
 .text.usart_read_wait
                0x00001094       0x78 src/ASF/sam0/drivers/sercom/usart/usart.o
                0x00001094                usart_read_wait
 .text.usart_register_callback
                0x0000110c       0x18 src/ASF/sam0/drivers/sercom/usart/usart_interrupt.o
                0x0000110c                usart_register_callback
 .text._usart_interrupt_handler
                0x00001124      0x178 src/ASF/sam0/drivers/sercom/usart/usart_interrupt.o
                0x00001124                _usart_interrupt_handler
 .text.system_clock_source_get_hz
                0x0000129c       0x90 src/ASF/sam0/drivers/system/clock/clock_samd09_d10_d11/clock.o
                0x0000129c                system_clock_source_get_hz
 .text.system_clock_source_osc8m_set_config
                0x0000132c       0x3c src/ASF/sam0/drivers/system/clock/clock_samd09_d10_d11/clock.o
                0x0000132c                system_clock_source_osc8m_set_config
 .text.system_clock_source_enable
                0x00001368       0xa8 src/ASF/sam0/drivers/system/clock/clock_samd09_d10_d11/clock.o
                0x00001368                system_clock_source_enable
 .text.system_clock_init
                0x00001410       0x98 src/ASF/sam0/drivers/system/clock/clock_samd09_d10_d11/clock.o
                0x00001410                system_clock_init
 .text.system_gclk_init
                0x000014a8       0x24 src/ASF/sam0/drivers/system/clock/clock_samd09_d10_d11/gclk.o
                0x000014a8                system_gclk_init
 .text.system_gclk_gen_set_config
                0x000014cc       0xb8 src/ASF/sam0/drivers/system/clock/clock_samd09_d10_d11/gclk.o
                0x000014cc                system_gclk_gen_set_config
 .text.system_gclk_gen_enable
                0x00001584       0x44 src/ASF/sam0/drivers/system/clock/clock_samd09_d10_d11/gclk.o
                0x00001584                system_gclk_gen_enable
 .text.system_gclk_gen_get_hz
                0x000015c8       0x8c src/ASF/sam0/drivers/system/clock/clock_samd09_d10_d11/gclk.o
                0x000015c8                system_gclk_gen_get_hz
 .text.system_gclk_chan_enable
                0x00001654       0x30 src/ASF/sam0/drivers/system/clock/clock_samd09_d10_d11/gclk.o
                0x00001654                system_gclk_chan_enable
 .text.system_gclk_chan_disable
                0x00001684       0x5c src/ASF/sam0/drivers/system/clock/clock_samd09_d10_d11/gclk.o
                0x00001684                system_gclk_chan_disable
 .text.system_gclk_chan_set_config
                0x000016e0       0x1c src/ASF/sam0/drivers/system/clock/clock_samd09_d10_d11/gclk.o
                0x000016e0                system_gclk_chan_set_config
 .text.system_gclk_chan_get_hz
                0x000016fc       0x34 src/ASF/sam0/drivers/system/clock/clock_samd09_d10_d11/gclk.o
                0x000016fc                system_gclk_chan_get_hz
 .text._system_pinmux_config
                0x00001730       0xa8 src/ASF/sam0/drivers/system/pinmux/pinmux.o
 .text.system_pinmux_pin_set_config
                0x000017d8       0x30 src/ASF/sam0/drivers/system/pinmux/pinmux.o
                0x000017d8                system_pinmux_pin_set_config
 .text._system_dummy_init
                0x00001808        0x4 src/ASF/sam0/drivers/system/system.o
                0x00001808                _system_events_init
                0x00001808                _system_dummy_init
                0x00001808                _system_divas_init
 .text.system_init
                0x0000180c       0x2c src/ASF/sam0/drivers/system/system.o
                0x0000180c                system_init
 .text.tc_register_callback
                0x00001838       0x34 src/ASF/sam0/drivers/tc/tc_interrupt.o
                0x00001838                tc_register_callback
 .text._tc_interrupt_handler
                0x0000186c       0x5c src/ASF/sam0/drivers/tc/tc_interrupt.o
                0x0000186c                _tc_interrupt_handler
 .text.TC1_Handler
                0x000018c8       0x10 src/ASF/sam0/drivers/tc/tc_interrupt.o
                0x000018c8                TC1_Handler
 .text.TC2_Handler
                0x000018d8       0x10 src/ASF/sam0/drivers/tc/tc_interrupt.o
                0x000018d8                TC2_Handler
 .text._tc_get_inst_index
                0x000018e8       0x2c src/ASF/sam0/drivers/tc/tc_sam_d_r/tc.o
                0x000018e8                _tc_get_inst_index
 .text.tc_init  0x00001914      0x27c src/ASF/sam0/drivers/tc/tc_sam_d_r/tc.o
                0x00001914                tc_init
 .text.Dummy_Handler
                0x00001b90        0x4 src/ASF/sam0/utils/cmsis/samd10/source/gcc/startup_samd10.o
                0x00001b90                DMAC_Handler
                0x00001b90                HardFault_Handler
                0x00001b90                AC_Handler
                0x00001b90                SysTick_Handler
                0x00001b90                PendSV_Handler
                0x00001b90                NMI_Handler
                0x00001b90                ADC_Handler
                0x00001b90                TCC0_Handler
                0x00001b90                RTC_Handler
                0x00001b90                WDT_Handler
                0x00001b90                Dummy_Handler
                0x00001b90                PM_Handler
                0x00001b90                SVC_Handler
                0x00001b90                EVSYS_Handler
                0x00001b90                NVMCTRL_Handler
                0x00001b90                DAC_Handler
                0x00001b90                PTC_Handler
                0x00001b90                SYSCTRL_Handler
 .text.Reset_Handler
                0x00001b94       0xe8 src/ASF/sam0/utils/cmsis/samd10/source/gcc/startup_samd10.o
                0x00001b94                Reset_Handler
 .text._read    0x00001c7c       0x44 src/ASF/sam0/utils/stdio/read.o
                0x00001c7c                _read
 .text._write   0x00001cc0       0x50 src/ASF/sam0/utils/stdio/write.o
                0x00001cc0                _write
 .text._sbrk    0x00001d10       0x24 src/ASF/sam0/utils/syscalls/gcc/syscalls.o
                0x00001d10                _sbrk
 .text._close   0x00001d34        0x8 src/ASF/sam0/utils/syscalls/gcc/syscalls.o
                0x00001d34                _close
 .text._fstat   0x00001d3c        0xc src/ASF/sam0/utils/syscalls/gcc/syscalls.o
                0x00001d3c                _fstat
 .text._isatty  0x00001d48        0x4 src/ASF/sam0/utils/syscalls/gcc/syscalls.o
                0x00001d48                _isatty
 .text._lseek   0x00001d4c        0x4 src/ASF/sam0/utils/syscalls/gcc/syscalls.o
                0x00001d4c                _lseek
 .text.USART_RX_callback
                0x00001d50       0x10 src/main.o
                0x00001d50                USART_RX_callback
 .text.tc_callback_to_counter
                0x00001d60       0x1c src/main.o
 .text.usart_serial_getchar
                0x00001d7c       0x2c src/main.o
 .text.usart_serial_putchar
                0x00001da8       0x18 src/main.o
 .text.configure_usart_callbacks
                0x00001dc0       0x28 src/main.o
                0x00001dc0                configure_usart_callbacks
 .text.main     0x00001de8      0x2dc src/main.o
                0x00001de8                main
 .text          0x000020c4      0x120 c:/program files (x86)/atmel/studio/7.0/toolchain/arm/arm-gnu-toolchain/bin/../lib/gcc/arm-none-eabi/4.9.3/armv6-m\libgcc.a(_udivsi3.o)
                0x000020c4                __aeabi_uidiv
                0x000020c4                __udivsi3
                0x000021d0                __aeabi_uidivmod
 .text          0x000021e4        0x4 c:/program files (x86)/atmel/studio/7.0/toolchain/arm/arm-gnu-toolchain/bin/../lib/gcc/arm-none-eabi/4.9.3/armv6-m\libgcc.a(_dvmd_tls.o)
                0x000021e4                __aeabi_idiv0
                0x000021e4                __aeabi_ldiv0
 .text          0x000021e8       0x54 c:/program files (x86)/atmel/studio/7.0/toolchain/arm/arm-gnu-toolchain/bin/../lib/gcc/arm-none-eabi/4.9.3/armv6-m\libgcc.a(_muldi3.o)
                0x000021e8                __muldi3
                0x000021e8                __aeabi_lmul
 .text.__libc_init_array
                0x0000223c       0x4c c:/program files (x86)/atmel/studio/7.0/toolchain/arm/arm-gnu-toolchain/bin/../lib/gcc/arm-none-eabi/4.9.3/../../../../arm-none-eabi/lib/armv6-m\libc_nano.a(lib_a-init.o)
                0x0000223c                __libc_init_array
 .text.memcpy   0x00002288       0x12 c:/program files (x86)/atmel/studio/7.0/toolchain/arm/arm-gnu-toolchain/bin/../lib/gcc/arm-none-eabi/4.9.3/../../../../arm-none-eabi/lib/armv6-m\libc_nano.a(lib_a-memcpy.o)
                0x00002288                memcpy
 .text.memset   0x0000229a       0x10 c:/program files (x86)/atmel/studio/7.0/toolchain/arm/arm-gnu-toolchain/bin/../lib/gcc/arm-none-eabi/4.9.3/../../../../arm-none-eabi/lib/armv6-m\libc_nano.a(lib_a-memset.o)
                0x0000229a                memset
 *fill*         0x000022aa        0x2 
 .text.printf   0x000022ac       0x34 c:/program files (x86)/atmel/studio/7.0/toolchain/arm/arm-gnu-toolchain/bin/../lib/gcc/arm-none-eabi/4.9.3/../../../../arm-none-eabi/lib/armv6-m\libc_nano.a(lib_a-printf.o)
                0x000022ac                iprintf
                0x000022ac                printf
 .text._puts_r  0x000022e0       0xc2 c:/program files (x86)/atmel/studio/7.0/toolchain/arm/arm-gnu-toolchain/bin/../lib/gcc/arm-none-eabi/4.9.3/../../../../arm-none-eabi/lib/armv6-m\libc_nano.a(lib_a-puts.o)
                0x000022e0                _puts_r
 *fill*         0x000023a2        0x2 
 .text.puts     0x000023a4       0x14 c:/program files (x86)/atmel/studio/7.0/toolchain/arm/arm-gnu-toolchain/bin/../lib/gcc/arm-none-eabi/4.9.3/../../../../arm-none-eabi/lib/armv6-m\libc_nano.a(lib_a-puts.o)
                0x000023a4                puts
 .text.srand    0x000023b8       0x5c c:/program files (x86)/atmel/studio/7.0/toolchain/arm/arm-gnu-toolchain/bin/../lib/gcc/arm-none-eabi/4.9.3/../../../../arm-none-eabi/lib/armv6-m\libc_nano.a(lib_a-rand.o)
                0x000023b8                srand
 .text.rand     0x00002414       0x78 c:/program files (x86)/atmel/studio/7.0/toolchain/arm/arm-gnu-toolchain/bin/../lib/gcc/arm-none-eabi/4.9.3/../../../../arm-none-eabi/lib/armv6-m\libc_nano.a(lib_a-rand.o)
                0x00002414                rand
 .text.setbuf   0x0000248c       0x12 c:/program files (x86)/atmel/studio/7.0/toolchain/arm/arm-gnu-toolchain/bin/../lib/gcc/arm-none-eabi/4.9.3/../../../../arm-none-eabi/lib/armv6-m\libc_nano.a(lib_a-setbuf.o)
                0x0000248c                setbuf
 *fill*         0x0000249e        0x2 
 .text.setvbuf  0x000024a0      0x10c c:/program files (x86)/atmel/studio/7.0/toolchain/arm/arm-gnu-toolchain/bin/../lib/gcc/arm-none-eabi/4.9.3/../../../../arm-none-eabi/lib/armv6-m\libc_nano.a(lib_a-setvbuf.o)
                0x000024a0                setvbuf
 .text.__swbuf_r
                0x000025ac       0xb0 c:/program files (x86)/atmel/studio/7.0/toolchain/arm/arm-gnu-toolchain/bin/../lib/gcc/arm-none-eabi/4.9.3/../../../../arm-none-eabi/lib/armv6-m\libc_nano.a(lib_a-wbuf.o)
                0x000025ac                __swbuf_r
 .text.__swsetup_r
                0x0000265c       0xe8 c:/program files (x86)/atmel/studio/7.0/toolchain/arm/arm-gnu-toolchain/bin/../lib/gcc/arm-none-eabi/4.9.3/../../../../arm-none-eabi/lib/armv6-m\libc_nano.a(lib_a-wsetup.o)
                0x0000265c                __swsetup_r
 .text.__sflush_r
                0x00002744      0x112 c:/program files (x86)/atmel/studio/7.0/toolchain/arm/arm-gnu-toolchain/bin/../lib/gcc/arm-none-eabi/4.9.3/../../../../arm-none-eabi/lib/armv6-m\libc_nano.a(lib_a-fflush.o)
                0x00002744                __sflush_r
 *fill*         0x00002856        0x2 
 .text._fflush_r
                0x00002858       0x58 c:/program files (x86)/atmel/studio/7.0/toolchain/arm/arm-gnu-toolchain/bin/../lib/gcc/arm-none-eabi/4.9.3/../../../../arm-none-eabi/lib/armv6-m\libc_nano.a(lib_a-fflush.o)
                0x00002858                _fflush_r
 .text._cleanup_r
                0x000028b0       0x10 c:/program files (x86)/atmel/studio/7.0/toolchain/arm/arm-gnu-toolchain/bin/../lib/gcc/arm-none-eabi/4.9.3/../../../../arm-none-eabi/lib/armv6-m\libc_nano.a(lib_a-findfp.o)
                0x000028b0                _cleanup_r
 .text.std.isra.0
                0x000028c0       0x48 c:/program files (x86)/atmel/studio/7.0/toolchain/arm/arm-gnu-toolchain/bin/../lib/gcc/arm-none-eabi/4.9.3/../../../../arm-none-eabi/lib/armv6-m\libc_nano.a(lib_a-findfp.o)
 .text.__sfmoreglue
                0x00002908       0x2c c:/program files (x86)/atmel/studio/7.0/toolchain/arm/arm-gnu-toolchain/bin/../lib/gcc/arm-none-eabi/4.9.3/../../../../arm-none-eabi/lib/armv6-m\libc_nano.a(lib_a-findfp.o)
                0x00002908                __sfmoreglue
 .text.__sinit  0x00002934       0x64 c:/program files (x86)/atmel/studio/7.0/toolchain/arm/arm-gnu-toolchain/bin/../lib/gcc/arm-none-eabi/4.9.3/../../../../arm-none-eabi/lib/armv6-m\libc_nano.a(lib_a-findfp.o)
                0x00002934                __sinit
 .text.__sfp    0x00002998       0x7c c:/program files (x86)/atmel/studio/7.0/toolchain/arm/arm-gnu-toolchain/bin/../lib/gcc/arm-none-eabi/4.9.3/../../../../arm-none-eabi/lib/armv6-m\libc_nano.a(lib_a-findfp.o)
                0x00002998                __sfp
 .text._fwalk_reent
                0x00002a14       0x42 c:/program files (x86)/atmel/studio/7.0/toolchain/arm/arm-gnu-toolchain/bin/../lib/gcc/arm-none-eabi/4.9.3/../../../../arm-none-eabi/lib/armv6-m\libc_nano.a(lib_a-fwalk.o)
                0x00002a14                _fwalk_reent
 *fill*         0x00002a56        0x2 
 .text.__smakebuf_r
                0x00002a58       0xb0 c:/program files (x86)/atmel/studio/7.0/toolchain/arm/arm-gnu-toolchain/bin/../lib/gcc/arm-none-eabi/4.9.3/../../../../arm-none-eabi/lib/armv6-m\libc_nano.a(lib_a-makebuf.o)
                0x00002a58                __smakebuf_r
 .text.malloc   0x00002b08       0x14 c:/program files (x86)/atmel/studio/7.0/toolchain/arm/arm-gnu-toolchain/bin/../lib/gcc/arm-none-eabi/4.9.3/../../../../arm-none-eabi/lib/armv6-m\libc_nano.a(lib_a-malloc.o)
                0x00002b08                malloc
 .text._free_r  0x00002b1c       0x8c c:/program files (x86)/atmel/studio/7.0/toolchain/arm/arm-gnu-toolchain/bin/../lib/gcc/arm-none-eabi/4.9.3/../../../../arm-none-eabi/lib/armv6-m\libc_nano.a(lib_a-nano-freer.o)
                0x00002b1c                _free_r
 .text._malloc_r
                0x00002ba8       0xb0 c:/program files (x86)/atmel/studio/7.0/toolchain/arm/arm-gnu-toolchain/bin/../lib/gcc/arm-none-eabi/4.9.3/../../../../arm-none-eabi/lib/armv6-m\libc_nano.a(lib_a-nano-mallocr.o)
                0x00002ba8                _malloc_r
 .text.__sfputc_r
                0x00002c58       0x2a c:/program files (x86)/atmel/studio/7.0/toolchain/arm/arm-gnu-toolchain/bin/../lib/gcc/arm-none-eabi/4.9.3/../../../../arm-none-eabi/lib/armv6-m\libc_nano.a(lib_a-nano-vfprintf.o)
 .text.__sfputs_r
                0x00002c82       0x24 c:/program files (x86)/atmel/studio/7.0/toolchain/arm/arm-gnu-toolchain/bin/../lib/gcc/arm-none-eabi/4.9.3/../../../../arm-none-eabi/lib/armv6-m\libc_nano.a(lib_a-nano-vfprintf.o)
                0x00002c82                __sfputs_r
 *fill*         0x00002ca6        0x2 
 .text._vfprintf_r
                0x00002ca8      0x220 c:/program files (x86)/atmel/studio/7.0/toolchain/arm/arm-gnu-toolchain/bin/../lib/gcc/arm-none-eabi/4.9.3/../../../../arm-none-eabi/lib/armv6-m\libc_nano.a(lib_a-nano-vfprintf.o)
                0x00002ca8                _vfprintf_r
                0x00002ca8                _vfiprintf_r
 .text._printf_common
                0x00002ec8       0xdc c:/program files (x86)/atmel/studio/7.0/toolchain/arm/arm-gnu-toolchain/bin/../lib/gcc/arm-none-eabi/4.9.3/../../../../arm-none-eabi/lib/armv6-m\libc_nano.a(lib_a-nano-vfprintf_i.o)
                0x00002ec8                _printf_common
 .text._printf_i
                0x00002fa4      0x230 c:/program files (x86)/atmel/studio/7.0/toolchain/arm/arm-gnu-toolchain/bin/../lib/gcc/arm-none-eabi/4.9.3/../../../../arm-none-eabi/lib/armv6-m\libc_nano.a(lib_a-nano-vfprintf_i.o)
                0x00002fa4                _printf_i
 .text._sbrk_r  0x000031d4       0x24 c:/program files (x86)/atmel/studio/7.0/toolchain/arm/arm-gnu-toolchain/bin/../lib/gcc/arm-none-eabi/4.9.3/../../../../arm-none-eabi/lib/armv6-m\libc_nano.a(lib_a-sbrkr.o)
                0x000031d4                _sbrk_r
 .text.__sread  0x000031f8       0x28 c:/program files (x86)/atmel/studio/7.0/toolchain/arm/arm-gnu-toolchain/bin/../lib/gcc/arm-none-eabi/4.9.3/../../../../arm-none-eabi/lib/armv6-m\libc_nano.a(lib_a-stdio.o)
                0x000031f8                __sread
 .text.__swrite
                0x00003220       0x38 c:/program files (x86)/atmel/studio/7.0/toolchain/arm/arm-gnu-toolchain/bin/../lib/gcc/arm-none-eabi/4.9.3/../../../../arm-none-eabi/lib/armv6-m\libc_nano.a(lib_a-stdio.o)
                0x00003220                __swrite
 .text.__sseek  0x00003258       0x2c c:/program files (x86)/atmel/studio/7.0/toolchain/arm/arm-gnu-toolchain/bin/../lib/gcc/arm-none-eabi/4.9.3/../../../../arm-none-eabi/lib/armv6-m\libc_nano.a(lib_a-stdio.o)
                0x00003258                __sseek
 .text.__sclose
                0x00003284        0xc c:/program files (x86)/atmel/studio/7.0/toolchain/arm/arm-gnu-toolchain/bin/../lib/gcc/arm-none-eabi/4.9.3/../../../../arm-none-eabi/lib/armv6-m\libc_nano.a(lib_a-stdio.o)
                0x00003284                __sclose
 .text._write_r
                0x00003290       0x28 c:/program files (x86)/atmel/studio/7.0/toolchain/arm/arm-gnu-toolchain/bin/../lib/gcc/arm-none-eabi/4.9.3/../../../../arm-none-eabi/lib/armv6-m\libc_nano.a(lib_a-writer.o)
                0x00003290                _write_r
 .text._close_r
                0x000032b8       0x24 c:/program files (x86)/atmel/studio/7.0/toolchain/arm/arm-gnu-toolchain/bin/../lib/gcc/arm-none-eabi/4.9.3/../../../../arm-none-eabi/lib/armv6-m\libc_nano.a(lib_a-closer.o)
                0x000032b8                _close_r
 .text._fstat_r
                0x000032dc       0x24 c:/program files (x86)/atmel/studio/7.0/toolchain/arm/arm-gnu-toolchain/bin/../lib/gcc/arm-none-eabi/4.9.3/../../../../arm-none-eabi/lib/armv6-m\libc_nano.a(lib_a-fstatr.o)
                0x000032dc                _fstat_r
 .text._isatty_r
                0x00003300       0x24 c:/program files (x86)/atmel/studio/7.0/toolchain/arm/arm-gnu-toolchain/bin/../lib/gcc/arm-none-eabi/4.9.3/../../../../arm-none-eabi/lib/armv6-m\libc_nano.a(lib_a-isattyr.o)
                0x00003300                _isatty_r
 .text._lseek_r
                0x00003324       0x28 c:/program files (x86)/atmel/studio/7.0/toolchain/arm/arm-gnu-toolchain/bin/../lib/gcc/arm-none-eabi/4.9.3/../../../../arm-none-eabi/lib/armv6-m\libc_nano.a(lib_a-lseekr.o)
                0x00003324                _lseek_r
 .text.memchr   0x0000334c       0x16 c:/program files (x86)/atmel/studio/7.0/toolchain/arm/arm-gnu-toolchain/bin/../lib/gcc/arm-none-eabi/4.9.3/../../../../arm-none-eabi/lib/armv6-m\libc_nano.a(lib_a-memchr.o)
                0x0000334c                memchr
 *fill*         0x00003362        0x2 
 .text._read_r  0x00003364       0x28 c:/program files (x86)/atmel/studio/7.0/toolchain/arm/arm-gnu-toolchain/bin/../lib/gcc/arm-none-eabi/4.9.3/../../../../arm-none-eabi/lib/armv6-m\libc_nano.a(lib_a-readr.o)
                0x00003364                _read_r
 *(.glue_7t)
 .glue_7t       0x00000000        0x0 linker stubs
 *(.glue_7)
 .glue_7        0x00000000        0x0 linker stubs
 *(.rodata .rodata* .gnu.linkonce.r.*)
 .rodata.str1.4
                0x0000338c       0x40 src/tetris.o
                                 0x3e (size before relaxing)
 .rodata        0x000033cc        0xc src/ASF/sam0/drivers/sercom/sercom.o
 .rodata        0x000033d8        0x3 src/ASF/sam0/drivers/sercom/sercom_interrupt.o
 *fill*         0x000033db        0x1 
 .rodata.system_clock_source_get_hz
                0x000033dc       0x24 src/ASF/sam0/drivers/system/clock/clock_samd09_d10_d11/clock.o
 .rodata.system_clock_source_enable
                0x00003400       0x24 src/ASF/sam0/drivers/system/clock/clock_samd09_d10_d11/clock.o
 .rodata        0x00003424       0x10 src/ASF/sam0/drivers/tc/tc_sam_d_r/tc.o
 .rodata.tc_interrupt_vectors.11577
                0x00003434        0x2 src/main.o
 .rodata.str1.1
                0x00003436        0x2 c:/program files (x86)/atmel/studio/7.0/toolchain/arm/arm-gnu-toolchain/bin/../lib/gcc/arm-none-eabi/4.9.3/../../../../arm-none-eabi/lib/armv6-m\libc_nano.a(lib_a-impure.o)
 .rodata._global_impure_ptr
                0x00003438        0x4 c:/program files (x86)/atmel/studio/7.0/toolchain/arm/arm-gnu-toolchain/bin/../lib/gcc/arm-none-eabi/4.9.3/../../../../arm-none-eabi/lib/armv6-m\libc_nano.a(lib_a-impure.o)
                0x00003438                _global_impure_ptr
 .rodata.__sf_fake_stdin
                0x0000343c       0x20 c:/program files (x86)/atmel/studio/7.0/toolchain/arm/arm-gnu-toolchain/bin/../lib/gcc/arm-none-eabi/4.9.3/../../../../arm-none-eabi/lib/armv6-m\libc_nano.a(lib_a-findfp.o)
                0x0000343c                __sf_fake_stdin
 .rodata.__sf_fake_stdout
                0x0000345c       0x20 c:/program files (x86)/atmel/studio/7.0/toolchain/arm/arm-gnu-toolchain/bin/../lib/gcc/arm-none-eabi/4.9.3/../../../../arm-none-eabi/lib/armv6-m\libc_nano.a(lib_a-findfp.o)
                0x0000345c                __sf_fake_stdout
 .rodata.__sf_fake_stderr
                0x0000347c       0x20 c:/program files (x86)/atmel/studio/7.0/toolchain/arm/arm-gnu-toolchain/bin/../lib/gcc/arm-none-eabi/4.9.3/../../../../arm-none-eabi/lib/armv6-m\libc_nano.a(lib_a-findfp.o)
                0x0000347c                __sf_fake_stderr
 .rodata.str1.1
                0x0000349c       0x11 c:/program files (x86)/atmel/studio/7.0/toolchain/arm/arm-gnu-toolchain/bin/../lib/gcc/arm-none-eabi/4.9.3/../../../../arm-none-eabi/lib/armv6-m\libc_nano.a(lib_a-nano-vfprintf.o)
 .rodata.str1.1
                0x000034ad       0x22 c:/program files (x86)/atmel/studio/7.0/toolchain/arm/arm-gnu-toolchain/bin/../lib/gcc/arm-none-eabi/4.9.3/../../../../arm-none-eabi/lib/armv6-m\libc_nano.a(lib_a-nano-vfprintf_i.o)
 *(.ARM.extab* .gnu.linkonce.armextab.*)
                0x000034d0                . = ALIGN (0x4)
 *fill*         0x000034cf        0x1 
 *(.init)
 .init          0x000034d0        0x4 c:/program files (x86)/atmel/studio/7.0/toolchain/arm/arm-gnu-toolchain/bin/../lib/gcc/arm-none-eabi/4.9.3/armv6-m/crti.o
                0x000034d0                _init
 .init          0x000034d4        0x8 c:/program files (x86)/atmel/studio/7.0/toolchain/arm/arm-gnu-toolchain/bin/../lib/gcc/arm-none-eabi/4.9.3/armv6-m/crtn.o
                0x000034dc                . = ALIGN (0x4)
                0x000034dc                __preinit_array_start = .
 *(.preinit_array)
                0x000034dc                __preinit_array_end = .
                0x000034dc                . = ALIGN (0x4)
                0x000034dc                __init_array_start = .
 *(SORT(.init_array.*))
 *(.init_array)
 .init_array    0x000034dc        0x4 c:/program files (x86)/atmel/studio/7.0/toolchain/arm/arm-gnu-toolchain/bin/../lib/gcc/arm-none-eabi/4.9.3/armv6-m/crtbegin.o
                0x000034e0                __init_array_end = .
                0x000034e0                . = ALIGN (0x4)
 *crtbegin.o(.ctors)
 *(EXCLUDE_FILE(*crtend.o) .ctors)
 *(SORT(.ctors.*))
 *crtend.o(.ctors)
                0x000034e0                . = ALIGN (0x4)
 *(.fini)
 .fini          0x000034e0        0x4 c:/program files (x86)/atmel/studio/7.0/toolchain/arm/arm-gnu-toolchain/bin/../lib/gcc/arm-none-eabi/4.9.3/armv6-m/crti.o
                0x000034e0                _fini
 .fini          0x000034e4        0x8 c:/program files (x86)/atmel/studio/7.0/toolchain/arm/arm-gnu-toolchain/bin/../lib/gcc/arm-none-eabi/4.9.3/armv6-m/crtn.o
                0x000034ec                . = ALIGN (0x4)
                0x000034ec                __fini_array_start = .
 *(.fini_array)
 .fini_array    0x000034ec        0x4 c:/program files (x86)/atmel/studio/7.0/toolchain/arm/arm-gnu-toolchain/bin/../lib/gcc/arm-none-eabi/4.9.3/armv6-m/crtbegin.o
 *(SORT(.fini_array.*))
                0x000034f0                __fini_array_end = .
 *crtbegin.o(.dtors)
 *(EXCLUDE_FILE(*crtend.o) .dtors)
 *(SORT(.dtors.*))
 *crtend.o(.dtors)
                0x000034f0                . = ALIGN (0x4)
                0x000034f0                _efixed = .
                0x000034f0                PROVIDE (__exidx_start, .)

.vfp11_veneer   0x000034f0        0x0
 .vfp11_veneer  0x00000000        0x0 linker stubs

.v4_bx          0x000034f0        0x0
 .v4_bx         0x00000000        0x0 linker stubs

.iplt           0x000034f0        0x0
 .iplt          0x00000000        0x0 c:/program files (x86)/atmel/studio/7.0/toolchain/arm/arm-gnu-toolchain/bin/../lib/gcc/arm-none-eabi/4.9.3/armv6-m/crtbegin.o

.eh_frame       0x000034f0        0x0
 .eh_frame      0x000034f0        0x0 c:/program files (x86)/atmel/studio/7.0/toolchain/arm/arm-gnu-toolchain/bin/../lib/gcc/arm-none-eabi/4.9.3/armv6-m/crtbegin.o

.rel.dyn        0x000034f0        0x0
 .rel.iplt      0x00000000        0x0 c:/program files (x86)/atmel/studio/7.0/toolchain/arm/arm-gnu-toolchain/bin/../lib/gcc/arm-none-eabi/4.9.3/armv6-m/crtbegin.o

.jcr            0x000034f0        0x0
 .jcr           0x000034f0        0x0 c:/program files (x86)/atmel/studio/7.0/toolchain/arm/arm-gnu-toolchain/bin/../lib/gcc/arm-none-eabi/4.9.3/armv6-m/crtbegin.o

.igot.plt       0x000034f0        0x0
 .igot.plt      0x00000000        0x0 c:/program files (x86)/atmel/studio/7.0/toolchain/arm/arm-gnu-toolchain/bin/../lib/gcc/arm-none-eabi/4.9.3/armv6-m/crtbegin.o

.ARM.exidx
 *(.ARM.exidx* .gnu.linkonce.armexidx.*)
                0x000034f0                PROVIDE (__exidx_end, .)
                0x000034f0                . = ALIGN (0x4)
                0x000034f0                _etext = .

.relocate       0x20000000       0xdc load address 0x000034f0
                0x20000000                . = ALIGN (0x4)
                0x20000000                _srelocate = .
 *(.ramfunc .ramfunc.*)
 *(.data .data.*)
 .data.blocks   0x20000000       0x6c src/tetris.o
                0x20000000                blocks
 .data.cycles_per_us
                0x2000006c        0x4 src/ASF/common2/services/delay/sam0/systick_counter.o
 .data.cycles_per_ms
                0x20000070        0x4 src/ASF/common2/services/delay/sam0/systick_counter.o
 .data.g_interrupt_enabled
                0x20000074        0x1 src/ASF/common/utils/interrupt/interrupt_sam_nvic.o
                0x20000074                g_interrupt_enabled
 *fill*         0x20000075        0x3 
 .data.impure_data
                0x20000078       0x60 c:/program files (x86)/atmel/studio/7.0/toolchain/arm/arm-gnu-toolchain/bin/../lib/gcc/arm-none-eabi/4.9.3/../../../../arm-none-eabi/lib/armv6-m\libc_nano.a(lib_a-impure.o)
 .data._impure_ptr
                0x200000d8        0x4 c:/program files (x86)/atmel/studio/7.0/toolchain/arm/arm-gnu-toolchain/bin/../lib/gcc/arm-none-eabi/4.9.3/../../../../arm-none-eabi/lib/armv6-m\libc_nano.a(lib_a-impure.o)
                0x200000d8                _impure_ptr
                0x200000dc                . = ALIGN (0x4)
                0x200000dc                _erelocate = .

.bss            0x200000dc      0x220 load address 0x000035cc
                0x200000dc                . = ALIGN (0x4)
                0x200000dc                _sbss = .
                0x200000dc                _szero = .
 *(.bss .bss.*)
 .bss           0x200000dc       0x1c c:/program files (x86)/atmel/studio/7.0/toolchain/arm/arm-gnu-toolchain/bin/../lib/gcc/arm-none-eabi/4.9.3/armv6-m/crtbegin.o
 .bss.t         0x200000f8      0x108 src/tetris.o
 .bss.cpu_irq_critical_section_counter
                0x20000200        0x4 src/ASF/common/utils/interrupt/interrupt_sam_nvic.o
 .bss.cpu_irq_prev_interrupt_state
                0x20000204        0x1 src/ASF/common/utils/interrupt/interrupt_sam_nvic.o
 *fill*         0x20000205        0x3 
 .bss._sercom_config
                0x20000208        0x2 src/ASF/sam0/drivers/sercom/sercom.o
 .bss._handler_table_initialized
                0x2000020a        0x1 src/ASF/sam0/drivers/sercom/sercom_interrupt.o
 *fill*         0x2000020b        0x1 
 .bss._sercom_interrupt_handlers
                0x2000020c        0xc src/ASF/sam0/drivers/sercom/sercom_interrupt.o
 .bss._system_clock_inst
                0x20000218       0x18 src/ASF/sam0/drivers/system/clock/clock_samd09_d10_d11/clock.o
 .bss.heap.5211
                0x20000230        0x4 src/ASF/sam0/utils/syscalls/gcc/syscalls.o
 .bss.cdc_uart_module
                0x20000234       0x34 src/main.o
 .bss.is_running
                0x20000268        0x1 src/main.o
 *fill*         0x20000269        0x1 
 .bss.tick      0x2000026a        0x2 src/main.o
 .bss.iterate_game
                0x2000026c        0x1 src/main.o
 *fill*         0x2000026d        0x3 
 .bss.tc_instance
                0x20000270       0x1c src/main.o
 .bss.__malloc_sbrk_start
                0x2000028c        0x4 c:/program files (x86)/atmel/studio/7.0/toolchain/arm/arm-gnu-toolchain/bin/../lib/gcc/arm-none-eabi/4.9.3/../../../../arm-none-eabi/lib/armv6-m\libc_nano.a(lib_a-nano-mallocr.o)
                0x2000028c                __malloc_sbrk_start
 .bss.__malloc_free_list
                0x20000290        0x4 c:/program files (x86)/atmel/studio/7.0/toolchain/arm/arm-gnu-toolchain/bin/../lib/gcc/arm-none-eabi/4.9.3/../../../../arm-none-eabi/lib/armv6-m\libc_nano.a(lib_a-nano-mallocr.o)
                0x20000290                __malloc_free_list
 *(COMMON)
 COMMON         0x20000294        0x1 src/ASF/sam0/drivers/extint/extint_callback.o
                0x20000294                _current_channel
 *fill*         0x20000295        0x3 
 COMMON         0x20000298       0x40 src/ASF/sam0/drivers/extint/extint_sam_d_r/extint.o
                0x20000298                _extint_dev
 COMMON         0x200002d8        0xc src/ASF/sam0/drivers/sercom/sercom_interrupt.o
                0x200002d8                _sercom_instances
 COMMON         0x200002e4        0x8 src/ASF/sam0/drivers/tc/tc_interrupt.o
                0x200002e4                _tc_instances
 COMMON         0x200002ec        0x4 src/ASF/sam0/utils/stdio/read.o
                0x200002ec                ptr_get
 COMMON         0x200002f0        0x8 src/ASF/sam0/utils/stdio/write.o
                0x200002f0                ptr_put
                0x200002f4                stdio_base
 COMMON         0x200002f8        0x4 c:/program files (x86)/atmel/studio/7.0/toolchain/arm/arm-gnu-toolchain/bin/../lib/gcc/arm-none-eabi/4.9.3/../../../../arm-none-eabi/lib/armv6-m\libc_nano.a(lib_a-reent.o)
                0x200002f8                errno
                0x200002fc                . = ALIGN (0x4)
                0x200002fc                _ebss = .
                0x200002fc                _ezero = .

.stack          0x200002fc      0x404 load address 0x000037ec
                0x20000300                . = ALIGN (0x8)
 *fill*         0x200002fc        0x4 
                0x20000300                _sstack = .
                0x20000700                . = (. + STACK_SIZE)
 *fill*         0x20000300      0x400 
                0x20000700                . = ALIGN (0x8)
                0x20000700                _estack = .
                0x20000700                . = ALIGN (0x4)
                0x20000700                _end = .
OUTPUT(GETTING-STARTED_SAMD10.elf elf32-littlearm)

.ARM.attributes
                0x00000000       0x28
 .ARM.attributes
                0x00000000       0x1e c:/program files (x86)/atmel/studio/7.0/toolchain/arm/arm-gnu-toolchain/bin/../lib/gcc/arm-none-eabi/4.9.3/armv6-m/crti.o
 .ARM.attributes
                0x0000001e       0x2c c:/program files (x86)/atmel/studio/7.0/toolchain/arm/arm-gnu-toolchain/bin/../lib/gcc/arm-none-eabi/4.9.3/armv6-m/crtbegin.o
 .ARM.attributes
                0x0000004a       0x32 src/terminal.o
 .ARM.attributes
                0x0000007c       0x32 src/tetris.o
 .ARM.attributes
                0x000000ae       0x32 src/uart.o
 .ARM.attributes
                0x000000e0       0x32 src/ASF/common2/services/delay/sam0/systick_counter.o
 .ARM.attributes
                0x00000112       0x32 src/ASF/common/utils/interrupt/interrupt_sam_nvic.o
 .ARM.attributes
                0x00000144       0x32 src/ASF/sam0/boards/samd10_xplained_mini/board_init.o
 .ARM.attributes
                0x00000176       0x32 src/ASF/sam0/drivers/extint/extint_callback.o
 .ARM.attributes
                0x000001a8       0x32 src/ASF/sam0/drivers/extint/extint_sam_d_r/extint.o
 .ARM.attributes
                0x000001da       0x32 src/ASF/sam0/drivers/port/port.o
 .ARM.attributes
                0x0000020c       0x32 src/ASF/sam0/drivers/sercom/sercom.o
 .ARM.attributes
                0x0000023e       0x32 src/ASF/sam0/drivers/sercom/sercom_interrupt.o
 .ARM.attributes
                0x00000270       0x32 src/ASF/sam0/drivers/sercom/usart/usart.o
 .ARM.attributes
                0x000002a2       0x32 src/ASF/sam0/drivers/sercom/usart/usart_interrupt.o
 .ARM.attributes
                0x000002d4       0x32 src/ASF/sam0/drivers/system/clock/clock_samd09_d10_d11/clock.o
 .ARM.attributes
                0x00000306       0x32 src/ASF/sam0/drivers/system/clock/clock_samd09_d10_d11/gclk.o
 .ARM.attributes
                0x00000338       0x32 src/ASF/sam0/drivers/system/pinmux/pinmux.o
 .ARM.attributes
                0x0000036a       0x32 src/ASF/sam0/drivers/system/system.o
 .ARM.attributes
                0x0000039c       0x32 src/ASF/sam0/drivers/tc/tc_interrupt.o
 .ARM.attributes
                0x000003ce       0x32 src/ASF/sam0/drivers/tc/tc_sam_d_r/tc.o
 .ARM.attributes
                0x00000400       0x32 src/ASF/sam0/utils/cmsis/samd10/source/gcc/startup_samd10.o
 .ARM.attributes
                0x00000432       0x32 src/ASF/sam0/utils/stdio/read.o
 .ARM.attributes
                0x00000464       0x32 src/ASF/sam0/utils/stdio/write.o
 .ARM.attributes
                0x00000496       0x32 src/ASF/sam0/utils/syscalls/gcc/syscalls.o
 .ARM.attributes
                0x000004c8       0x32 src/main.o
 .ARM.attributes
                0x000004fa       0x1e c:/program files (x86)/atmel/studio/7.0/toolchain/arm/arm-gnu-toolchain/bin/../lib/gcc/arm-none-eabi/4.9.3/armv6-m\libgcc.a(_udivsi3.o)
 .ARM.attributes
                0x00000518       0x1e c:/program files (x86)/atmel/studio/7.0/toolchain/arm/arm-gnu-toolchain/bin/../lib/gcc/arm-none-eabi/4.9.3/armv6-m\libgcc.a(_dvmd_tls.o)
 .ARM.attributes
                0x00000536       0x2c c:/program files (x86)/atmel/studio/7.0/toolchain/arm/arm-gnu-toolchain/bin/../lib/gcc/arm-none-eabi/4.9.3/armv6-m\libgcc.a(_muldi3.o)
 .ARM.attributes
                0x00000562       0x2c c:/program files (x86)/atmel/studio/7.0/toolchain/arm/arm-gnu-toolchain/bin/../lib/gcc/arm-none-eabi/4.9.3/../../../../arm-none-eabi/lib/armv6-m\libc_nano.a(lib_a-impure.o)
 .ARM.attributes
                0x0000058e       0x2c c:/program files (x86)/atmel/studio/7.0/toolchain/arm/arm-gnu-toolchain/bin/../lib/gcc/arm-none-eabi/4.9.3/../../../../arm-none-eabi/lib/armv6-m\libc_nano.a(lib_a-init.o)
 .ARM.attributes
                0x000005ba       0x2c c:/program files (x86)/atmel/studio/7.0/toolchain/arm/arm-gnu-toolchain/bin/../lib/gcc/arm-none-eabi/4.9.3/../../../../arm-none-eabi/lib/armv6-m\libc_nano.a(lib_a-memcpy.o)
 .ARM.attributes
                0x000005e6       0x2c c:/program files (x86)/atmel/studio/7.0/toolchain/arm/arm-gnu-toolchain/bin/../lib/gcc/arm-none-eabi/4.9.3/../../../../arm-none-eabi/lib/armv6-m\libc_nano.a(lib_a-memset.o)
 .ARM.attributes
                0x00000612       0x2c c:/program files (x86)/atmel/studio/7.0/toolchain/arm/arm-gnu-toolchain/bin/../lib/gcc/arm-none-eabi/4.9.3/../../../../arm-none-eabi/lib/armv6-m\libc_nano.a(lib_a-printf.o)
 .ARM.attributes
                0x0000063e       0x2c c:/program files (x86)/atmel/studio/7.0/toolchain/arm/arm-gnu-toolchain/bin/../lib/gcc/arm-none-eabi/4.9.3/../../../../arm-none-eabi/lib/armv6-m\libc_nano.a(lib_a-puts.o)
 .ARM.attributes
                0x0000066a       0x2c c:/program files (x86)/atmel/studio/7.0/toolchain/arm/arm-gnu-toolchain/bin/../lib/gcc/arm-none-eabi/4.9.3/../../../../arm-none-eabi/lib/armv6-m\libc_nano.a(lib_a-rand.o)
 .ARM.attributes
                0x00000696       0x2c c:/program files (x86)/atmel/studio/7.0/toolchain/arm/arm-gnu-toolchain/bin/../lib/gcc/arm-none-eabi/4.9.3/../../../../arm-none-eabi/lib/armv6-m\libc_nano.a(lib_a-setbuf.o)
 .ARM.attributes
                0x000006c2       0x2c c:/program files (x86)/atmel/studio/7.0/toolchain/arm/arm-gnu-toolchain/bin/../lib/gcc/arm-none-eabi/4.9.3/../../../../arm-none-eabi/lib/armv6-m\libc_nano.a(lib_a-setvbuf.o)
 .ARM.attributes
                0x000006ee       0x2c c:/program files (x86)/atmel/studio/7.0/toolchain/arm/arm-gnu-toolchain/bin/../lib/gcc/arm-none-eabi/4.9.3/../../../../arm-none-eabi/lib/armv6-m\libc_nano.a(lib_a-wbuf.o)
 .ARM.attributes
                0x0000071a       0x2c c:/program files (x86)/atmel/studio/7.0/toolchain/arm/arm-gnu-toolchain/bin/../lib/gcc/arm-none-eabi/4.9.3/../../../../arm-none-eabi/lib/armv6-m\libc_nano.a(lib_a-wsetup.o)
 .ARM.attributes
                0x00000746       0x2c c:/program files (x86)/atmel/studio/7.0/toolchain/arm/arm-gnu-toolchain/bin/../lib/gcc/arm-none-eabi/4.9.3/../../../../arm-none-eabi/lib/armv6-m\libc_nano.a(lib_a-fflush.o)
 .ARM.attributes
                0x00000772       0x2c c:/program files (x86)/atmel/studio/7.0/toolchain/arm/arm-gnu-toolchain/bin/../lib/gcc/arm-none-eabi/4.9.3/../../../../arm-none-eabi/lib/armv6-m\libc_nano.a(lib_a-findfp.o)
 .ARM.attributes
                0x0000079e       0x2c c:/program files (x86)/atmel/studio/7.0/toolchain/arm/arm-gnu-toolchain/bin/../lib/gcc/arm-none-eabi/4.9.3/../../../../arm-none-eabi/lib/armv6-m\libc_nano.a(lib_a-fwalk.o)
 .ARM.attributes
                0x000007ca       0x2c c:/program files (x86)/atmel/studio/7.0/toolchain/arm/arm-gnu-toolchain/bin/../lib/gcc/arm-none-eabi/4.9.3/../../../../arm-none-eabi/lib/armv6-m\libc_nano.a(lib_a-makebuf.o)
 .ARM.attributes
                0x000007f6       0x2c c:/program files (x86)/atmel/studio/7.0/toolchain/arm/arm-gnu-toolchain/bin/../lib/gcc/arm-none-eabi/4.9.3/../../../../arm-none-eabi/lib/armv6-m\libc_nano.a(lib_a-malloc.o)
 .ARM.attributes
                0x00000822       0x2c c:/program files (x86)/atmel/studio/7.0/toolchain/arm/arm-gnu-toolchain/bin/../lib/gcc/arm-none-eabi/4.9.3/../../../../arm-none-eabi/lib/armv6-m\libc_nano.a(lib_a-nano-freer.o)
 .ARM.attributes
                0x0000084e       0x2c c:/program files (x86)/atmel/studio/7.0/toolchain/arm/arm-gnu-toolchain/bin/../lib/gcc/arm-none-eabi/4.9.3/../../../../arm-none-eabi/lib/armv6-m\libc_nano.a(lib_a-nano-mallocr.o)
 .ARM.attributes
                0x0000087a       0x2c c:/program files (x86)/atmel/studio/7.0/toolchain/arm/arm-gnu-toolchain/bin/../lib/gcc/arm-none-eabi/4.9.3/../../../../arm-none-eabi/lib/armv6-m\libc_nano.a(lib_a-nano-vfprintf.o)
 .ARM.attributes
                0x000008a6       0x2c c:/program files (x86)/atmel/studio/7.0/toolchain/arm/arm-gnu-toolchain/bin/../lib/gcc/arm-none-eabi/4.9.3/../../../../arm-none-eabi/lib/armv6-m\libc_nano.a(lib_a-nano-vfprintf_i.o)
 .ARM.attributes
                0x000008d2       0x2c c:/program files (x86)/atmel/studio/7.0/toolchain/arm/arm-gnu-toolchain/bin/../lib/gcc/arm-none-eabi/4.9.3/../../../../arm-none-eabi/lib/armv6-m\libc_nano.a(lib_a-sbrkr.o)
 .ARM.attributes
                0x000008fe       0x2c c:/program files (x86)/atmel/studio/7.0/toolchain/arm/arm-gnu-toolchain/bin/../lib/gcc/arm-none-eabi/4.9.3/../../../../arm-none-eabi/lib/armv6-m\libc_nano.a(lib_a-stdio.o)
 .ARM.attributes
                0x0000092a       0x2c c:/program files (x86)/atmel/studio/7.0/toolchain/arm/arm-gnu-toolchain/bin/../lib/gcc/arm-none-eabi/4.9.3/../../../../arm-none-eabi/lib/armv6-m\libc_nano.a(lib_a-writer.o)
 .ARM.attributes
                0x00000956       0x2c c:/program files (x86)/atmel/studio/7.0/toolchain/arm/arm-gnu-toolchain/bin/../lib/gcc/arm-none-eabi/4.9.3/../../../../arm-none-eabi/lib/armv6-m\libc_nano.a(lib_a-closer.o)
 .ARM.attributes
                0x00000982       0x2c c:/program files (x86)/atmel/studio/7.0/toolchain/arm/arm-gnu-toolchain/bin/../lib/gcc/arm-none-eabi/4.9.3/../../../../arm-none-eabi/lib/armv6-m\libc_nano.a(lib_a-fstatr.o)
 .ARM.attributes
                0x000009ae       0x2c c:/program files (x86)/atmel/studio/7.0/toolchain/arm/arm-gnu-toolchain/bin/../lib/gcc/arm-none-eabi/4.9.3/../../../../arm-none-eabi/lib/armv6-m\libc_nano.a(lib_a-isattyr.o)
 .ARM.attributes
                0x000009da       0x2c c:/program files (x86)/atmel/studio/7.0/toolchain/arm/arm-gnu-toolchain/bin/../lib/gcc/arm-none-eabi/4.9.3/../../../../arm-none-eabi/lib/armv6-m\libc_nano.a(lib_a-lseekr.o)
 .ARM.attributes
                0x00000a06       0x2c c:/program files (x86)/atmel/studio/7.0/toolchain/arm/arm-gnu-toolchain/bin/../lib/gcc/arm-none-eabi/4.9.3/../../../../arm-none-eabi/lib/armv6-m\libc_nano.a(lib_a-memchr.o)
 .ARM.attributes
                0x00000a32       0x2c c:/program files (x86)/atmel/studio/7.0/toolchain/arm/arm-gnu-toolchain/bin/../lib/gcc/arm-none-eabi/4.9.3/../../../../arm-none-eabi/lib/armv6-m\libc_nano.a(lib_a-readr.o)
 .ARM.attributes
                0x00000a5e       0x2c c:/program files (x86)/atmel/studio/7.0/toolchain/arm/arm-gnu-toolchain/bin/../lib/gcc/arm-none-eabi/4.9.3/../../../../arm-none-eabi/lib/armv6-m\libc_nano.a(lib_a-reent.o)
 .ARM.attributes
                0x00000a8a       0x1e c:/program files (x86)/atmel/studio/7.0/toolchain/arm/arm-gnu-toolchain/bin/../lib/gcc/arm-none-eabi/4.9.3/armv6-m/crtn.o

.comment        0x00000000       0x5b
 .comment       0x00000000       0x5b src/terminal.o
                                 0x5c (size before relaxing)
 .comment       0x00000000       0x5c src/tetris.o
 .comment       0x00000000       0x5c src/uart.o
 .comment       0x00000000       0x5c src/ASF/common2/services/delay/sam0/systick_counter.o
 .comment       0x00000000       0x5c src/ASF/common/utils/interrupt/interrupt_sam_nvic.o
 .comment       0x00000000       0x5c src/ASF/sam0/boards/samd10_xplained_mini/board_init.o
 .comment       0x00000000       0x5c src/ASF/sam0/drivers/extint/extint_callback.o
 .comment       0x00000000       0x5c src/ASF/sam0/drivers/extint/extint_sam_d_r/extint.o
 .comment       0x00000000       0x5c src/ASF/sam0/drivers/port/port.o
 .comment       0x00000000       0x5c src/ASF/sam0/drivers/sercom/sercom.o
 .comment       0x00000000       0x5c src/ASF/sam0/drivers/sercom/sercom_interrupt.o
 .comment       0x00000000       0x5c src/ASF/sam0/drivers/sercom/usart/usart.o
 .comment       0x00000000       0x5c src/ASF/sam0/drivers/sercom/usart/usart_interrupt.o
 .comment       0x00000000       0x5c src/ASF/sam0/drivers/system/clock/clock_samd09_d10_d11/clock.o
 .comment       0x00000000       0x5c src/ASF/sam0/drivers/system/clock/clock_samd09_d10_d11/gclk.o
 .comment       0x00000000       0x5c src/ASF/sam0/drivers/system/pinmux/pinmux.o
 .comment       0x00000000       0x5c src/ASF/sam0/drivers/system/system.o
 .comment       0x00000000       0x5c src/ASF/sam0/drivers/tc/tc_interrupt.o
 .comment       0x00000000       0x5c src/ASF/sam0/drivers/tc/tc_sam_d_r/tc.o
 .comment       0x00000000       0x5c src/ASF/sam0/utils/cmsis/samd10/source/gcc/startup_samd10.o
 .comment       0x00000000       0x5c src/ASF/sam0/utils/stdio/read.o
 .comment       0x00000000       0x5c src/ASF/sam0/utils/stdio/write.o
 .comment       0x00000000       0x5c src/ASF/sam0/utils/syscalls/gcc/syscalls.o
 .comment       0x00000000       0x5c src/main.o

.debug_info     0x00000000    0x2034f
 .debug_info    0x00000000      0x251 src/terminal.o
 .debug_info    0x00000251      0x786 src/tetris.o
 .debug_info    0x000009d7      0xcf2 src/uart.o
 .debug_info    0x000016c9      0x269 src/ASF/common2/services/delay/sam0/systick_counter.o
 .debug_info    0x00001932      0x1ec src/ASF/common/utils/interrupt/interrupt_sam_nvic.o
 .debug_info    0x00001b1e      0x96c src/ASF/sam0/boards/samd10_xplained_mini/board_init.o
 .debug_info    0x0000248a      0xde9 src/ASF/sam0/drivers/extint/extint_callback.o
 .debug_info    0x00003273     0x1e25 src/ASF/sam0/drivers/extint/extint_sam_d_r/extint.o
 .debug_info    0x00005098      0x968 src/ASF/sam0/drivers/port/port.o
 .debug_info    0x00005a00     0x24f3 src/ASF/sam0/drivers/sercom/sercom.o
 .debug_info    0x00007ef3     0x224f src/ASF/sam0/drivers/sercom/sercom_interrupt.o
 .debug_info    0x0000a142     0x422b src/ASF/sam0/drivers/sercom/usart/usart.o
 .debug_info    0x0000e36d     0x277b src/ASF/sam0/drivers/sercom/usart/usart_interrupt.o
 .debug_info    0x00010ae8     0x2c65 src/ASF/sam0/drivers/system/clock/clock_samd09_d10_d11/clock.o
 .debug_info    0x0001374d     0x14c3 src/ASF/sam0/drivers/system/clock/clock_samd09_d10_d11/gclk.o
 .debug_info    0x00014c10      0xa46 src/ASF/sam0/drivers/system/pinmux/pinmux.o
 .debug_info    0x00015656      0x17a src/ASF/sam0/drivers/system/system.o
 .debug_info    0x000157d0     0x11e5 src/ASF/sam0/drivers/tc/tc_interrupt.o
 .debug_info    0x000169b5     0x25a6 src/ASF/sam0/drivers/tc/tc_sam_d_r/tc.o
 .debug_info    0x00018f5b     0x1a7c src/ASF/sam0/utils/cmsis/samd10/source/gcc/startup_samd10.o
 .debug_info    0x0001a9d7      0x1c2 src/ASF/sam0/utils/stdio/read.o
 .debug_info    0x0001ab99      0x1bf src/ASF/sam0/utils/stdio/write.o
 .debug_info    0x0001ad58      0x427 src/ASF/sam0/utils/syscalls/gcc/syscalls.o
 .debug_info    0x0001b17f     0x51d0 src/main.o

.debug_abbrev   0x00000000     0x388d
 .debug_abbrev  0x00000000       0xab src/terminal.o
 .debug_abbrev  0x000000ab      0x1df src/tetris.o
 .debug_abbrev  0x0000028a      0x2b1 src/uart.o
 .debug_abbrev  0x0000053b      0x13c src/ASF/common2/services/delay/sam0/systick_counter.o
 .debug_abbrev  0x00000677       0xf6 src/ASF/common/utils/interrupt/interrupt_sam_nvic.o
 .debug_abbrev  0x0000076d      0x21e src/ASF/sam0/boards/samd10_xplained_mini/board_init.o
 .debug_abbrev  0x0000098b      0x297 src/ASF/sam0/drivers/extint/extint_callback.o
 .debug_abbrev  0x00000c22      0x3fc src/ASF/sam0/drivers/extint/extint_sam_d_r/extint.o
 .debug_abbrev  0x0000101e      0x1da src/ASF/sam0/drivers/port/port.o
 .debug_abbrev  0x000011f8      0x2fd src/ASF/sam0/drivers/sercom/sercom.o
 .debug_abbrev  0x000014f5      0x22e src/ASF/sam0/drivers/sercom/sercom_interrupt.o
 .debug_abbrev  0x00001723      0x3c6 src/ASF/sam0/drivers/sercom/usart/usart.o
 .debug_abbrev  0x00001ae9      0x37b src/ASF/sam0/drivers/sercom/usart/usart_interrupt.o
 .debug_abbrev  0x00001e64      0x3ba src/ASF/sam0/drivers/system/clock/clock_samd09_d10_d11/clock.o
 .debug_abbrev  0x0000221e      0x327 src/ASF/sam0/drivers/system/clock/clock_samd09_d10_d11/gclk.o
 .debug_abbrev  0x00002545      0x27a src/ASF/sam0/drivers/system/pinmux/pinmux.o
 .debug_abbrev  0x000027bf       0xb9 src/ASF/sam0/drivers/system/system.o
 .debug_abbrev  0x00002878      0x259 src/ASF/sam0/drivers/tc/tc_interrupt.o
 .debug_abbrev  0x00002ad1      0x3ab src/ASF/sam0/drivers/tc/tc_sam_d_r/tc.o
 .debug_abbrev  0x00002e7c      0x1dd src/ASF/sam0/utils/cmsis/samd10/source/gcc/startup_samd10.o
 .debug_abbrev  0x00003059      0x108 src/ASF/sam0/utils/stdio/read.o
 .debug_abbrev  0x00003161       0xf5 src/ASF/sam0/utils/stdio/write.o
 .debug_abbrev  0x00003256      0x141 src/ASF/sam0/utils/syscalls/gcc/syscalls.o
 .debug_abbrev  0x00003397      0x4f6 src/main.o

.debug_loc      0x00000000     0x5af8
 .debug_loc     0x00000000       0xc1 src/terminal.o
 .debug_loc     0x000000c1      0x5bb src/tetris.o
 .debug_loc     0x0000067c      0x100 src/uart.o
 .debug_loc     0x0000077c       0xe4 src/ASF/common2/services/delay/sam0/systick_counter.o
 .debug_loc     0x00000860       0x1e src/ASF/common/utils/interrupt/interrupt_sam_nvic.o
 .debug_loc     0x0000087e       0x59 src/ASF/sam0/boards/samd10_xplained_mini/board_init.o
 .debug_loc     0x000008d7      0x215 src/ASF/sam0/drivers/extint/extint_callback.o
 .debug_loc     0x00000aec      0x40a src/ASF/sam0/drivers/extint/extint_sam_d_r/extint.o
 .debug_loc     0x00000ef6      0x16d src/ASF/sam0/drivers/port/port.o
 .debug_loc     0x00001063      0x829 src/ASF/sam0/drivers/sercom/sercom.o
 .debug_loc     0x0000188c      0x144 src/ASF/sam0/drivers/sercom/sercom_interrupt.o
 .debug_loc     0x000019d0      0xcf3 src/ASF/sam0/drivers/sercom/usart/usart.o
 .debug_loc     0x000026c3      0x589 src/ASF/sam0/drivers/sercom/usart/usart_interrupt.o
 .debug_loc     0x00002c4c      0xf45 src/ASF/sam0/drivers/system/clock/clock_samd09_d10_d11/clock.o
 .debug_loc     0x00003b91      0x51e src/ASF/sam0/drivers/system/clock/clock_samd09_d10_d11/gclk.o
 .debug_loc     0x000040af      0x32f src/ASF/sam0/drivers/system/pinmux/pinmux.o
 .debug_loc     0x000043de       0x20 src/ASF/sam0/drivers/system/system.o
 .debug_loc     0x000043fe      0x15d src/ASF/sam0/drivers/tc/tc_interrupt.o
 .debug_loc     0x0000455b      0xfd7 src/ASF/sam0/drivers/tc/tc_sam_d_r/tc.o
 .debug_loc     0x00005532       0x20 src/ASF/sam0/utils/cmsis/samd10/source/gcc/startup_samd10.o
 .debug_loc     0x00005552      0x11d src/ASF/sam0/utils/stdio/read.o
 .debug_loc     0x0000566f      0x152 src/ASF/sam0/utils/stdio/write.o
 .debug_loc     0x000057c1      0x11d src/ASF/sam0/utils/syscalls/gcc/syscalls.o
 .debug_loc     0x000058de      0x21a src/main.o

.debug_aranges  0x00000000      0x680
 .debug_aranges
                0x00000000       0x40 src/terminal.o
 .debug_aranges
                0x00000040       0x78 src/tetris.o
 .debug_aranges
                0x000000b8       0x50 src/uart.o
 .debug_aranges
                0x00000108       0x30 src/ASF/common2/services/delay/sam0/systick_counter.o
 .debug_aranges
                0x00000138       0x28 src/ASF/common/utils/interrupt/interrupt_sam_nvic.o
 .debug_aranges
                0x00000160       0x20 src/ASF/sam0/boards/samd10_xplained_mini/board_init.o
 .debug_aranges
                0x00000180       0x48 src/ASF/sam0/drivers/extint/extint_callback.o
 .debug_aranges
                0x000001c8       0x50 src/ASF/sam0/drivers/extint/extint_sam_d_r/extint.o
 .debug_aranges
                0x00000218       0x28 src/ASF/sam0/drivers/port/port.o
 .debug_aranges
                0x00000240       0x40 src/ASF/sam0/drivers/sercom/sercom.o
 .debug_aranges
                0x00000280       0x48 src/ASF/sam0/drivers/sercom/sercom_interrupt.o
 .debug_aranges
                0x000002c8       0x40 src/ASF/sam0/drivers/sercom/usart/usart.o
 .debug_aranges
                0x00000308       0x70 src/ASF/sam0/drivers/sercom/usart/usart_interrupt.o
 .debug_aranges
                0x00000378       0x78 src/ASF/sam0/drivers/system/clock/clock_samd09_d10_d11/clock.o
 .debug_aranges
                0x000003f0       0x80 src/ASF/sam0/drivers/system/clock/clock_samd09_d10_d11/gclk.o
 .debug_aranges
                0x00000470       0x38 src/ASF/sam0/drivers/system/pinmux/pinmux.o
 .debug_aranges
                0x000004a8       0x28 src/ASF/sam0/drivers/system/system.o
 .debug_aranges
                0x000004d0       0x40 src/ASF/sam0/drivers/tc/tc_interrupt.o
 .debug_aranges
                0x00000510       0x58 src/ASF/sam0/drivers/tc/tc_sam_d_r/tc.o
 .debug_aranges
                0x00000568       0x28 src/ASF/sam0/utils/cmsis/samd10/source/gcc/startup_samd10.o
 .debug_aranges
                0x00000590       0x20 src/ASF/sam0/utils/stdio/read.o
 .debug_aranges
                0x000005b0       0x20 src/ASF/sam0/utils/stdio/write.o
 .debug_aranges
                0x000005d0       0x60 src/ASF/sam0/utils/syscalls/gcc/syscalls.o
 .debug_aranges
                0x00000630       0x50 src/main.o

.debug_ranges   0x00000000      0x740
 .debug_ranges  0x00000000       0x30 src/terminal.o
 .debug_ranges  0x00000030      0x110 src/tetris.o
 .debug_ranges  0x00000140       0x40 src/uart.o
 .debug_ranges  0x00000180       0x50 src/ASF/common2/services/delay/sam0/systick_counter.o
 .debug_ranges  0x000001d0       0x18 src/ASF/common/utils/interrupt/interrupt_sam_nvic.o
 .debug_ranges  0x000001e8       0x10 src/ASF/sam0/boards/samd10_xplained_mini/board_init.o
 .debug_ranges  0x000001f8       0x60 src/ASF/sam0/drivers/extint/extint_callback.o
 .debug_ranges  0x00000258       0x40 src/ASF/sam0/drivers/extint/extint_sam_d_r/extint.o
 .debug_ranges  0x00000298       0x18 src/ASF/sam0/drivers/port/port.o
 .debug_ranges  0x000002b0       0x60 src/ASF/sam0/drivers/sercom/sercom.o
 .debug_ranges  0x00000310       0x38 src/ASF/sam0/drivers/sercom/sercom_interrupt.o
 .debug_ranges  0x00000348       0xf8 src/ASF/sam0/drivers/sercom/usart/usart.o
 .debug_ranges  0x00000440       0x60 src/ASF/sam0/drivers/sercom/usart/usart_interrupt.o
 .debug_ranges  0x000004a0       0x68 src/ASF/sam0/drivers/system/clock/clock_samd09_d10_d11/clock.o
 .debug_ranges  0x00000508       0x70 src/ASF/sam0/drivers/system/clock/clock_samd09_d10_d11/gclk.o
 .debug_ranges  0x00000578       0x28 src/ASF/sam0/drivers/system/pinmux/pinmux.o
 .debug_ranges  0x000005a0       0x18 src/ASF/sam0/drivers/system/system.o
 .debug_ranges  0x000005b8       0x30 src/ASF/sam0/drivers/tc/tc_interrupt.o
 .debug_ranges  0x000005e8       0x90 src/ASF/sam0/drivers/tc/tc_sam_d_r/tc.o
 .debug_ranges  0x00000678       0x18 src/ASF/sam0/utils/cmsis/samd10/source/gcc/startup_samd10.o
 .debug_ranges  0x00000690       0x10 src/ASF/sam0/utils/stdio/read.o
 .debug_ranges  0x000006a0       0x10 src/ASF/sam0/utils/stdio/write.o
 .debug_ranges  0x000006b0       0x50 src/ASF/sam0/utils/syscalls/gcc/syscalls.o
 .debug_ranges  0x00000700       0x40 src/main.o

.debug_macro    0x00000000    0x16336
 .debug_macro   0x00000000      0x152 src/terminal.o
 .debug_macro   0x00000152      0x85c src/terminal.o
 .debug_macro   0x000009ae       0x22 src/terminal.o
 .debug_macro   0x000009d0       0x44 src/terminal.o
 .debug_macro   0x00000a14       0x58 src/terminal.o
 .debug_macro   0x00000a6c       0x22 src/terminal.o
 .debug_macro   0x00000a8e      0x1df src/terminal.o
 .debug_macro   0x00000c6d       0x22 src/terminal.o
 .debug_macro   0x00000c8f       0x58 src/terminal.o
 .debug_macro   0x00000ce7       0x35 src/terminal.o
 .debug_macro   0x00000d1c       0x9c src/terminal.o
 .debug_macro   0x00000db8       0x16 src/terminal.o
 .debug_macro   0x00000dce       0x97 src/terminal.o
 .debug_macro   0x00000e65      0x29d src/terminal.o
 .debug_macro   0x00001102       0xef src/terminal.o
 .debug_macro   0x000011f1       0x10 src/terminal.o
 .debug_macro   0x00001201       0x52 src/terminal.o
 .debug_macro   0x00001253       0x16 src/terminal.o
 .debug_macro   0x00001269       0x43 src/terminal.o
 .debug_macro   0x000012ac      0x180 src/terminal.o
 .debug_macro   0x0000142c       0x10 src/terminal.o
 .debug_macro   0x0000143c       0x22 src/terminal.o
 .debug_macro   0x0000145e       0xbe src/terminal.o
 .debug_macro   0x0000151c       0x16 src/terminal.o
 .debug_macro   0x00001532      0x197 src/terminal.o
 .debug_macro   0x000016c9      0x18b src/tetris.o
 .debug_macro   0x00001854       0x4a src/tetris.o
 .debug_macro   0x0000189e       0x16 src/tetris.o
 .debug_macro   0x000018b4       0x35 src/tetris.o
 .debug_macro   0x000018e9       0x16 src/tetris.o
 .debug_macro   0x000018ff       0x29 src/tetris.o
 .debug_macro   0x00001928       0x10 src/tetris.o
 .debug_macro   0x00001938      0x43c src/uart.o
 .debug_macro   0x00001d74      0x636 src/uart.o
 .debug_macro   0x000023aa       0x16 src/uart.o
 .debug_macro   0x000023c0       0x76 src/uart.o
 .debug_macro   0x00002436       0x16 src/uart.o
 .debug_macro   0x0000244c      0x6e5 src/uart.o
 .debug_macro   0x00002b31      0xde2 src/uart.o
 .debug_macro   0x00003913       0x40 src/uart.o
 .debug_macro   0x00003953       0x3a src/uart.o
 .debug_macro   0x0000398d       0x1f src/uart.o
 .debug_macro   0x000039ac      0x250 src/uart.o
 .debug_macro   0x00003bfc      0x682 src/uart.o
 .debug_macro   0x0000427e      0x8c1 src/uart.o
 .debug_macro   0x00004b3f      0x235 src/uart.o
 .debug_macro   0x00004d74      0xbde src/uart.o
 .debug_macro   0x00005952      0x5b8 src/uart.o
 .debug_macro   0x00005f0a      0x7cb src/uart.o
 .debug_macro   0x000066d5      0x4e6 src/uart.o
 .debug_macro   0x00006bbb      0x3ac src/uart.o
 .debug_macro   0x00006f67      0x19a src/uart.o
 .debug_macro   0x00007101      0x226 src/uart.o
 .debug_macro   0x00007327      0x745 src/uart.o
 .debug_macro   0x00007a6c       0x5e src/uart.o
 .debug_macro   0x00007aca      0x610 src/uart.o
 .debug_macro   0x000080da      0x3b8 src/uart.o
 .debug_macro   0x00008492      0xc55 src/uart.o
 .debug_macro   0x000090e7     0x1093 src/uart.o
 .debug_macro   0x0000a17a      0xc19 src/uart.o
 .debug_macro   0x0000ad93      0x6c2 src/uart.o
 .debug_macro   0x0000b455     0x1b94 src/uart.o
 .debug_macro   0x0000cfe9      0x351 src/uart.o
 .debug_macro   0x0000d33a       0x7c src/uart.o
 .debug_macro   0x0000d3b6       0xa0 src/uart.o
 .debug_macro   0x0000d456       0x4c src/uart.o
 .debug_macro   0x0000d4a2       0xca src/uart.o
 .debug_macro   0x0000d56c       0xbe src/uart.o
 .debug_macro   0x0000d62a       0x58 src/uart.o
 .debug_macro   0x0000d682      0x225 src/uart.o
 .debug_macro   0x0000d8a7       0x82 src/uart.o
 .debug_macro   0x0000d929      0x19a src/uart.o
 .debug_macro   0x0000dac3       0xa0 src/uart.o
 .debug_macro   0x0000db63       0xc4 src/uart.o
 .debug_macro   0x0000dc27       0x1c src/uart.o
 .debug_macro   0x0000dc43       0x1c src/uart.o
 .debug_macro   0x0000dc5f       0x1c src/uart.o
 .debug_macro   0x0000dc7b       0x82 src/uart.o
 .debug_macro   0x0000dcfd      0x112 src/uart.o
 .debug_macro   0x0000de0f       0xdc src/uart.o
 .debug_macro   0x0000deeb      0x132 src/uart.o
 .debug_macro   0x0000e01d      0x132 src/uart.o
 .debug_macro   0x0000e14f      0x132 src/uart.o
 .debug_macro   0x0000e281      0x11e src/uart.o
 .debug_macro   0x0000e39f       0xe2 src/uart.o
 .debug_macro   0x0000e481       0xe2 src/uart.o
 .debug_macro   0x0000e563      0x12f src/uart.o
 .debug_macro   0x0000e692       0x40 src/uart.o
 .debug_macro   0x0000e6d2      0x2d5 src/uart.o
 .debug_macro   0x0000e9a7      0xf2a src/uart.o
 .debug_macro   0x0000f8d1       0x5f src/uart.o
 .debug_macro   0x0000f930       0x51 src/uart.o
 .debug_macro   0x0000f981       0x3f src/uart.o
 .debug_macro   0x0000f9c0      0x3df src/uart.o
 .debug_macro   0x0000fd9f       0x2e src/uart.o
 .debug_macro   0x0000fdcd      0x459 src/ASF/common2/services/delay/sam0/systick_counter.o
 .debug_macro   0x00010226      0x166 src/ASF/common2/services/delay/sam0/systick_counter.o
 .debug_macro   0x0001038c       0x10 src/ASF/common2/services/delay/sam0/systick_counter.o
 .debug_macro   0x0001039c       0x11 src/ASF/common2/services/delay/sam0/systick_counter.o
 .debug_macro   0x000103ad       0x16 src/ASF/common2/services/delay/sam0/systick_counter.o
 .debug_macro   0x000103c3       0x16 src/ASF/common2/services/delay/sam0/systick_counter.o
 .debug_macro   0x000103d9      0x41e src/ASF/common/utils/interrupt/interrupt_sam_nvic.o
 .debug_macro   0x000107f7      0x45b src/ASF/sam0/boards/samd10_xplained_mini/board_init.o
 .debug_macro   0x00010c52      0x28e src/ASF/sam0/boards/samd10_xplained_mini/board_init.o
 .debug_macro   0x00010ee0       0x10 src/ASF/sam0/boards/samd10_xplained_mini/board_init.o
 .debug_macro   0x00010ef0      0x11a src/ASF/sam0/boards/samd10_xplained_mini/board_init.o
 .debug_macro   0x0001100a       0x11 src/ASF/sam0/boards/samd10_xplained_mini/board_init.o
 .debug_macro   0x0001101b      0x443 src/ASF/sam0/drivers/extint/extint_callback.o
 .debug_macro   0x0001145e       0x19 src/ASF/sam0/drivers/extint/extint_callback.o
 .debug_macro   0x00011477      0x49e src/ASF/sam0/drivers/extint/extint_sam_d_r/extint.o
 .debug_macro   0x00011915       0x1f src/ASF/sam0/drivers/extint/extint_sam_d_r/extint.o
 .debug_macro   0x00011934       0x10 src/ASF/sam0/drivers/extint/extint_sam_d_r/extint.o
 .debug_macro   0x00011944      0x43a src/ASF/sam0/drivers/port/port.o
 .debug_macro   0x00011d7e      0x4ac src/ASF/sam0/drivers/sercom/sercom.o
 .debug_macro   0x0001222a       0x5e src/ASF/sam0/drivers/sercom/sercom.o
 .debug_macro   0x00012288       0x10 src/ASF/sam0/drivers/sercom/sercom.o
 .debug_macro   0x00012298      0x4a9 src/ASF/sam0/drivers/sercom/sercom_interrupt.o
 .debug_macro   0x00012741      0x4bd src/ASF/sam0/drivers/sercom/usart/usart.o
 .debug_macro   0x00012bfe       0x51 src/ASF/sam0/drivers/sercom/usart/usart.o
 .debug_macro   0x00012c4f      0x4bd src/ASF/sam0/drivers/sercom/usart/usart_interrupt.o
 .debug_macro   0x0001310c      0x484 src/ASF/sam0/drivers/system/clock/clock_samd09_d10_d11/clock.o
 .debug_macro   0x00013590      0x234 src/ASF/sam0/drivers/system/clock/clock_samd09_d10_d11/clock.o
 .debug_macro   0x000137c4      0x454 src/ASF/sam0/drivers/system/clock/clock_samd09_d10_d11/gclk.o
 .debug_macro   0x00013c18      0x430 src/ASF/sam0/drivers/system/pinmux/pinmux.o
 .debug_macro   0x00014048      0x462 src/ASF/sam0/drivers/system/system.o
 .debug_macro   0x000144aa      0x48c src/ASF/sam0/drivers/tc/tc_interrupt.o
 .debug_macro   0x00014936       0x19 src/ASF/sam0/drivers/tc/tc_interrupt.o
 .debug_macro   0x0001494f       0x51 src/ASF/sam0/drivers/tc/tc_interrupt.o
 .debug_macro   0x000149a0      0x4a7 src/ASF/sam0/drivers/tc/tc_sam_d_r/tc.o
 .debug_macro   0x00014e47      0x272 src/ASF/sam0/utils/cmsis/samd10/source/gcc/startup_samd10.o
 .debug_macro   0x000150b9       0x3a src/ASF/sam0/utils/cmsis/samd10/source/gcc/startup_samd10.o
 .debug_macro   0x000150f3      0x41e src/ASF/sam0/utils/stdio/read.o
 .debug_macro   0x00015511      0x41e src/ASF/sam0/utils/stdio/write.o
 .debug_macro   0x0001592f      0x169 src/ASF/sam0/utils/syscalls/gcc/syscalls.o
 .debug_macro   0x00015a98       0x52 src/ASF/sam0/utils/syscalls/gcc/syscalls.o
 .debug_macro   0x00015aea       0x16 src/ASF/sam0/utils/syscalls/gcc/syscalls.o
 .debug_macro   0x00015b00       0x10 src/ASF/sam0/utils/syscalls/gcc/syscalls.o
 .debug_macro   0x00015b10       0x10 src/ASF/sam0/utils/syscalls/gcc/syscalls.o
 .debug_macro   0x00015b20       0x10 src/ASF/sam0/utils/syscalls/gcc/syscalls.o
 .debug_macro   0x00015b30       0x35 src/ASF/sam0/utils/syscalls/gcc/syscalls.o
 .debug_macro   0x00015b65      0x122 src/ASF/sam0/utils/syscalls/gcc/syscalls.o
 .debug_macro   0x00015c87      0x591 src/main.o
 .debug_macro   0x00016218       0x11 src/main.o
 .debug_macro   0x00016229       0x57 src/main.o
 .debug_macro   0x00016280       0x6c src/main.o
 .debug_macro   0x000162ec       0x34 src/main.o
 .debug_macro   0x00016320       0x16 src/main.o

.debug_line     0x00000000     0xd8d0
 .debug_line    0x00000000      0x347 src/terminal.o
 .debug_line    0x00000347      0x51f src/tetris.o
 .debug_line    0x00000866      0x92d src/uart.o
 .debug_line    0x00001193      0x8d0 src/ASF/common2/services/delay/sam0/systick_counter.o
 .debug_line    0x00001a63      0x7db src/ASF/common/utils/interrupt/interrupt_sam_nvic.o
 .debug_line    0x0000223e      0x882 src/ASF/sam0/boards/samd10_xplained_mini/board_init.o
 .debug_line    0x00002ac0      0x8d0 src/ASF/sam0/drivers/extint/extint_callback.o
 .debug_line    0x00003390      0xb2c src/ASF/sam0/drivers/extint/extint_sam_d_r/extint.o
 .debug_line    0x00003ebc      0x807 src/ASF/sam0/drivers/port/port.o
 .debug_line    0x000046c3      0xaac src/ASF/sam0/drivers/sercom/sercom.o
 .debug_line    0x0000516f      0xa43 src/ASF/sam0/drivers/sercom/sercom_interrupt.o
 .debug_line    0x00005bb2      0xc1d src/ASF/sam0/drivers/sercom/usart/usart.o
 .debug_line    0x000067cf      0xba0 src/ASF/sam0/drivers/sercom/usart/usart_interrupt.o
 .debug_line    0x0000736f      0xb43 src/ASF/sam0/drivers/system/clock/clock_samd09_d10_d11/clock.o
 .debug_line    0x00007eb2      0xb7d src/ASF/sam0/drivers/system/clock/clock_samd09_d10_d11/gclk.o
 .debug_line    0x00008a2f      0x82d src/ASF/sam0/drivers/system/pinmux/pinmux.o
 .debug_line    0x0000925c      0x8f7 src/ASF/sam0/drivers/system/system.o
 .debug_line    0x00009b53      0x977 src/ASF/sam0/drivers/tc/tc_interrupt.o
 .debug_line    0x0000a4ca      0xcb8 src/ASF/sam0/drivers/tc/tc_sam_d_r/tc.o
 .debug_line    0x0000b182      0x5d4 src/ASF/sam0/utils/cmsis/samd10/source/gcc/startup_samd10.o
 .debug_line    0x0000b756      0x7bd src/ASF/sam0/utils/stdio/read.o
 .debug_line    0x0000bf13      0x7ae src/ASF/sam0/utils/stdio/write.o
 .debug_line    0x0000c6c1      0x398 src/ASF/sam0/utils/syscalls/gcc/syscalls.o
 .debug_line    0x0000ca59      0xe77 src/main.o

.debug_str      0x00000000    0x6e522
 .debug_str     0x00000000     0x5f6d src/terminal.o
                               0x6155 (size before relaxing)
 .debug_str     0x00005f6d      0x270 src/tetris.o
                               0x637d (size before relaxing)
 .debug_str     0x000061dd    0x5f7b7 src/uart.o
                              0x65c62 (size before relaxing)
 .debug_str     0x00065994      0x235 src/ASF/common2/services/delay/sam0/systick_counter.o
                              0x656f5 (size before relaxing)
 .debug_str     0x00065bc9       0x73 src/ASF/common/utils/interrupt/interrupt_sam_nvic.o
                              0x65556 (size before relaxing)
 .debug_str     0x00065c3c     0x108e src/ASF/sam0/boards/samd10_xplained_mini/board_init.o
                              0x6659b (size before relaxing)
 .debug_str     0x00066cca      0x6f9 src/ASF/sam0/drivers/extint/extint_callback.o
                              0x65c81 (size before relaxing)
 .debug_str     0x000673c3      0xb32 src/ASF/sam0/drivers/extint/extint_sam_d_r/extint.o
                              0x66a17 (size before relaxing)
 .debug_str     0x00067ef5       0x53 src/ASF/sam0/drivers/port/port.o
                              0x6590b (size before relaxing)
 .debug_str     0x00067f48      0xc7d src/ASF/sam0/drivers/sercom/sercom.o
                              0x668f4 (size before relaxing)
 .debug_str     0x00068bc5      0x1c7 src/ASF/sam0/drivers/sercom/sercom_interrupt.o
                              0x6667c (size before relaxing)
 .debug_str     0x00068d8c      0xccc src/ASF/sam0/drivers/sercom/usart/usart.o
                              0x67660 (size before relaxing)
 .debug_str     0x00069a58      0x1da src/ASF/sam0/drivers/sercom/usart/usart_interrupt.o
                              0x6698e (size before relaxing)
 .debug_str     0x00069c32     0x245d src/ASF/sam0/drivers/system/clock/clock_samd09_d10_d11/clock.o
                              0x682db (size before relaxing)
 .debug_str     0x0006c08f      0x27e src/ASF/sam0/drivers/system/clock/clock_samd09_d10_d11/gclk.o
                              0x66163 (size before relaxing)
 .debug_str     0x0006c30d      0x130 src/ASF/sam0/drivers/system/pinmux/pinmux.o
                              0x6594d (size before relaxing)
 .debug_str     0x0006c43d       0x47 src/ASF/sam0/drivers/system/system.o
                              0x655db (size before relaxing)
 .debug_str     0x0006c484      0x6cb src/ASF/sam0/drivers/tc/tc_interrupt.o
                              0x66239 (size before relaxing)
 .debug_str     0x0006cb4f      0x534 src/ASF/sam0/drivers/tc/tc_sam_d_r/tc.o
                              0x66ac8 (size before relaxing)
 .debug_str     0x0006d083      0x7cb src/ASF/sam0/utils/cmsis/samd10/source/gcc/startup_samd10.o
                              0x51a43 (size before relaxing)
 .debug_str     0x0006d84e       0x3d src/ASF/sam0/utils/stdio/read.o
                              0x65503 (size before relaxing)
 .debug_str     0x0006d88b       0x2c src/ASF/sam0/utils/stdio/write.o
                              0x65505 (size before relaxing)
 .debug_str     0x0006d8b7      0x837 src/ASF/sam0/utils/syscalls/gcc/syscalls.o
                               0x6017 (size before relaxing)
 .debug_str     0x0006e0ee      0x434 src/main.o
                              0x69622 (size before relaxing)

.debug_frame    0x00000000     0x16bc
 .debug_frame   0x00000000       0x88 src/terminal.o
 .debug_frame   0x00000088      0x170 src/tetris.o
 .debug_frame   0x000001f8       0x94 src/uart.o
 .debug_frame   0x0000028c       0x60 src/ASF/common2/services/delay/sam0/systick_counter.o
 .debug_frame   0x000002ec       0x30 src/ASF/common/utils/interrupt/interrupt_sam_nvic.o
 .debug_frame   0x0000031c       0x30 src/ASF/sam0/boards/samd10_xplained_mini/board_init.o
 .debug_frame   0x0000034c       0x7c src/ASF/sam0/drivers/extint/extint_callback.o
 .debug_frame   0x000003c8       0xb8 src/ASF/sam0/drivers/extint/extint_sam_d_r/extint.o
 .debug_frame   0x00000480       0x44 src/ASF/sam0/drivers/port/port.o
 .debug_frame   0x000004c4       0x9c src/ASF/sam0/drivers/sercom/sercom.o
 .debug_frame   0x00000560       0xa0 src/ASF/sam0/drivers/sercom/sercom_interrupt.o
 .debug_frame   0x00000600       0xbc src/ASF/sam0/drivers/sercom/usart/usart.o
 .debug_frame   0x000006bc      0x110 src/ASF/sam0/drivers/sercom/usart/usart_interrupt.o
 .debug_frame   0x000007cc      0x158 src/ASF/sam0/drivers/system/clock/clock_samd09_d10_d11/clock.o
 .debug_frame   0x00000924      0x148 src/ASF/sam0/drivers/system/clock/clock_samd09_d10_d11/gclk.o
 .debug_frame   0x00000a6c       0x74 src/ASF/sam0/drivers/system/pinmux/pinmux.o
 .debug_frame   0x00000ae0       0x38 src/ASF/sam0/drivers/system/system.o
 .debug_frame   0x00000b18       0x7c src/ASF/sam0/drivers/tc/tc_interrupt.o
 .debug_frame   0x00000b94       0xd8 src/ASF/sam0/drivers/tc/tc_sam_d_r/tc.o
 .debug_frame   0x00000c6c       0x38 src/ASF/sam0/utils/cmsis/samd10/source/gcc/startup_samd10.o
 .debug_frame   0x00000ca4       0x34 src/ASF/sam0/utils/stdio/read.o
 .debug_frame   0x00000cd8       0x34 src/ASF/sam0/utils/stdio/write.o
 .debug_frame   0x00000d0c       0xa8 src/ASF/sam0/utils/syscalls/gcc/syscalls.o
 .debug_frame   0x00000db4       0xb4 src/main.o
 .debug_frame   0x00000e68       0x20 c:/program files (x86)/atmel/studio/7.0/toolchain/arm/arm-gnu-toolchain/bin/../lib/gcc/arm-none-eabi/4.9.3/armv6-m\libgcc.a(_udivsi3.o)
 .debug_frame   0x00000e88       0x34 c:/program files (x86)/atmel/studio/7.0/toolchain/arm/arm-gnu-toolchain/bin/../lib/gcc/arm-none-eabi/4.9.3/armv6-m\libgcc.a(_muldi3.o)
 .debug_frame   0x00000ebc       0x2c c:/program files (x86)/atmel/studio/7.0/toolchain/arm/arm-gnu-toolchain/bin/../lib/gcc/arm-none-eabi/4.9.3/../../../../arm-none-eabi/lib/armv6-m\libc_nano.a(lib_a-init.o)
 .debug_frame   0x00000ee8       0x28 c:/program files (x86)/atmel/studio/7.0/toolchain/arm/arm-gnu-toolchain/bin/../lib/gcc/arm-none-eabi/4.9.3/../../../../arm-none-eabi/lib/armv6-m\libc_nano.a(lib_a-memcpy.o)
 .debug_frame   0x00000f10       0x20 c:/program files (x86)/atmel/studio/7.0/toolchain/arm/arm-gnu-toolchain/bin/../lib/gcc/arm-none-eabi/4.9.3/../../../../arm-none-eabi/lib/armv6-m\libc_nano.a(lib_a-memset.o)
 .debug_frame   0x00000f30       0x50 c:/program files (x86)/atmel/studio/7.0/toolchain/arm/arm-gnu-toolchain/bin/../lib/gcc/arm-none-eabi/4.9.3/../../../../arm-none-eabi/lib/armv6-m\libc_nano.a(lib_a-printf.o)
 .debug_frame   0x00000f80       0x44 c:/program files (x86)/atmel/studio/7.0/toolchain/arm/arm-gnu-toolchain/bin/../lib/gcc/arm-none-eabi/4.9.3/../../../../arm-none-eabi/lib/armv6-m\libc_nano.a(lib_a-puts.o)
 .debug_frame   0x00000fc4       0x44 c:/program files (x86)/atmel/studio/7.0/toolchain/arm/arm-gnu-toolchain/bin/../lib/gcc/arm-none-eabi/4.9.3/../../../../arm-none-eabi/lib/armv6-m\libc_nano.a(lib_a-rand.o)
 .debug_frame   0x00001008       0x28 c:/program files (x86)/atmel/studio/7.0/toolchain/arm/arm-gnu-toolchain/bin/../lib/gcc/arm-none-eabi/4.9.3/../../../../arm-none-eabi/lib/armv6-m\libc_nano.a(lib_a-setbuf.o)
 .debug_frame   0x00001030       0x34 c:/program files (x86)/atmel/studio/7.0/toolchain/arm/arm-gnu-toolchain/bin/../lib/gcc/arm-none-eabi/4.9.3/../../../../arm-none-eabi/lib/armv6-m\libc_nano.a(lib_a-setvbuf.o)
 .debug_frame   0x00001064       0x44 c:/program files (x86)/atmel/studio/7.0/toolchain/arm/arm-gnu-toolchain/bin/../lib/gcc/arm-none-eabi/4.9.3/../../../../arm-none-eabi/lib/armv6-m\libc_nano.a(lib_a-wbuf.o)
 .debug_frame   0x000010a8       0x2c c:/program files (x86)/atmel/studio/7.0/toolchain/arm/arm-gnu-toolchain/bin/../lib/gcc/arm-none-eabi/4.9.3/../../../../arm-none-eabi/lib/armv6-m\libc_nano.a(lib_a-wsetup.o)
 .debug_frame   0x000010d4       0x68 c:/program files (x86)/atmel/studio/7.0/toolchain/arm/arm-gnu-toolchain/bin/../lib/gcc/arm-none-eabi/4.9.3/../../../../arm-none-eabi/lib/armv6-m\libc_nano.a(lib_a-fflush.o)
 .debug_frame   0x0000113c      0x140 c:/program files (x86)/atmel/studio/7.0/toolchain/arm/arm-gnu-toolchain/bin/../lib/gcc/arm-none-eabi/4.9.3/../../../../arm-none-eabi/lib/armv6-m\libc_nano.a(lib_a-findfp.o)
 .debug_frame   0x0000127c       0x58 c:/program files (x86)/atmel/studio/7.0/toolchain/arm/arm-gnu-toolchain/bin/../lib/gcc/arm-none-eabi/4.9.3/../../../../arm-none-eabi/lib/armv6-m\libc_nano.a(lib_a-fwalk.o)
 .debug_frame   0x000012d4       0x30 c:/program files (x86)/atmel/studio/7.0/toolchain/arm/arm-gnu-toolchain/bin/../lib/gcc/arm-none-eabi/4.9.3/../../../../arm-none-eabi/lib/armv6-m\libc_nano.a(lib_a-makebuf.o)
 .debug_frame   0x00001304       0x40 c:/program files (x86)/atmel/studio/7.0/toolchain/arm/arm-gnu-toolchain/bin/../lib/gcc/arm-none-eabi/4.9.3/../../../../arm-none-eabi/lib/armv6-m\libc_nano.a(lib_a-malloc.o)
 .debug_frame   0x00001344       0x2c c:/program files (x86)/atmel/studio/7.0/toolchain/arm/arm-gnu-toolchain/bin/../lib/gcc/arm-none-eabi/4.9.3/../../../../arm-none-eabi/lib/armv6-m\libc_nano.a(lib_a-nano-freer.o)
 .debug_frame   0x00001370       0x2c c:/program files (x86)/atmel/studio/7.0/toolchain/arm/arm-gnu-toolchain/bin/../lib/gcc/arm-none-eabi/4.9.3/../../../../arm-none-eabi/lib/armv6-m\libc_nano.a(lib_a-nano-mallocr.o)
 .debug_frame   0x0000139c       0xa0 c:/program files (x86)/atmel/studio/7.0/toolchain/arm/arm-gnu-toolchain/bin/../lib/gcc/arm-none-eabi/4.9.3/../../../../arm-none-eabi/lib/armv6-m\libc_nano.a(lib_a-nano-vfprintf.o)
 .debug_frame   0x0000143c       0x54 c:/program files (x86)/atmel/studio/7.0/toolchain/arm/arm-gnu-toolchain/bin/../lib/gcc/arm-none-eabi/4.9.3/../../../../arm-none-eabi/lib/armv6-m\libc_nano.a(lib_a-nano-vfprintf_i.o)
 .debug_frame   0x00001490       0x2c c:/program files (x86)/atmel/studio/7.0/toolchain/arm/arm-gnu-toolchain/bin/../lib/gcc/arm-none-eabi/4.9.3/../../../../arm-none-eabi/lib/armv6-m\libc_nano.a(lib_a-sbrkr.o)
 .debug_frame   0x000014bc       0x90 c:/program files (x86)/atmel/studio/7.0/toolchain/arm/arm-gnu-toolchain/bin/../lib/gcc/arm-none-eabi/4.9.3/../../../../arm-none-eabi/lib/armv6-m\libc_nano.a(lib_a-stdio.o)
 .debug_frame   0x0000154c       0x2c c:/program files (x86)/atmel/studio/7.0/toolchain/arm/arm-gnu-toolchain/bin/../lib/gcc/arm-none-eabi/4.9.3/../../../../arm-none-eabi/lib/armv6-m\libc_nano.a(lib_a-writer.o)
 .debug_frame   0x00001578       0x2c c:/program files (x86)/atmel/studio/7.0/toolchain/arm/arm-gnu-toolchain/bin/../lib/gcc/arm-none-eabi/4.9.3/../../../../arm-none-eabi/lib/armv6-m\libc_nano.a(lib_a-closer.o)
 .debug_frame   0x000015a4       0x2c c:/program files (x86)/atmel/studio/7.0/toolchain/arm/arm-gnu-toolchain/bin/../lib/gcc/arm-none-eabi/4.9.3/../../../../arm-none-eabi/lib/armv6-m\libc_nano.a(lib_a-fstatr.o)
 .debug_frame   0x000015d0       0x2c c:/program files (x86)/atmel/studio/7.0/toolchain/arm/arm-gnu-toolchain/bin/../lib/gcc/arm-none-eabi/4.9.3/../../../../arm-none-eabi/lib/armv6-m\libc_nano.a(lib_a-isattyr.o)
 .debug_frame   0x000015fc       0x2c c:/program files (x86)/atmel/studio/7.0/toolchain/arm/arm-gnu-toolchain/bin/../lib/gcc/arm-none-eabi/4.9.3/../../../../arm-none-eabi/lib/armv6-m\libc_nano.a(lib_a-lseekr.o)
 .debug_frame   0x00001628       0x20 c:/program files (x86)/atmel/studio/7.0/toolchain/arm/arm-gnu-toolchain/bin/../lib/gcc/arm-none-eabi/4.9.3/../../../../arm-none-eabi/lib/armv6-m\libc_nano.a(lib_a-memchr.o)
 .debug_frame   0x00001648       0x2c c:/program files (x86)/atmel/studio/7.0/toolchain/arm/arm-gnu-toolchain/bin/../lib/gcc/arm-none-eabi/4.9.3/../../../../arm-none-eabi/lib/armv6-m\libc_nano.a(lib_a-readr.o)
 .debug_frame   0x00001674       0x48 c:/program files (x86)/atmel/studio/7.0/toolchain/arm/arm-gnu-toolchain/bin/../lib/gcc/arm-none-eabi/4.9.3/../../../../arm-none-eabi/lib/armv6-m\libc_nano.a(lib_a-reent.o)

Cross Reference Table

Symbol                                            File
AC_Handler                                        src/ASF/sam0/utils/cmsis/samd10/source/gcc/startup_samd10.o
ADC_Handler                                       src/ASF/sam0/utils/cmsis/samd10/source/gcc/startup_samd10.o
DAC_Handler                                       src/ASF/sam0/utils/cmsis/samd10/source/gcc/startup_samd10.o
DMAC_Handler                                      src/ASF/sam0/utils/cmsis/samd10/source/gcc/startup_samd10.o
Dummy_Handler                                     src/ASF/sam0/utils/cmsis/samd10/source/gcc/startup_samd10.o
EIC_Handler                                       src/ASF/sam0/drivers/extint/extint_callback.o
EVSYS_Handler                                     src/ASF/sam0/utils/cmsis/samd10/source/gcc/startup_samd10.o
HardFault_Handler                                 src/ASF/sam0/utils/cmsis/samd10/source/gcc/startup_samd10.o
NMI_Handler                                       src/ASF/sam0/utils/cmsis/samd10/source/gcc/startup_samd10.o
NVMCTRL_Handler                                   src/ASF/sam0/utils/cmsis/samd10/source/gcc/startup_samd10.o
PM_Handler                                        src/ASF/sam0/utils/cmsis/samd10/source/gcc/startup_samd10.o
PTC_Handler                                       src/ASF/sam0/utils/cmsis/samd10/source/gcc/startup_samd10.o
PendSV_Handler                                    src/ASF/sam0/utils/cmsis/samd10/source/gcc/startup_samd10.o
RTC_Handler                                       src/ASF/sam0/utils/cmsis/samd10/source/gcc/startup_samd10.o
Reset_Handler                                     src/ASF/sam0/utils/cmsis/samd10/source/gcc/startup_samd10.o
SERCOM0_Handler                                   src/ASF/sam0/drivers/sercom/sercom_interrupt.o
SERCOM1_Handler                                   src/ASF/sam0/drivers/sercom/sercom_interrupt.o
SERCOM2_Handler                                   src/ASF/sam0/drivers/sercom/sercom_interrupt.o
SVC_Handler                                       src/ASF/sam0/utils/cmsis/samd10/source/gcc/startup_samd10.o
SYSCTRL_Handler                                   src/ASF/sam0/utils/cmsis/samd10/source/gcc/startup_samd10.o
SysTick_Handler                                   src/ASF/sam0/utils/cmsis/samd10/source/gcc/startup_samd10.o
SystemCoreClock                                   src/ASF/sam0/utils/cmsis/samd10/source/system_samd10.o
SystemCoreClockUpdate                             src/ASF/sam0/utils/cmsis/samd10/source/system_samd10.o
SystemInit                                        src/ASF/sam0/utils/cmsis/samd10/source/system_samd10.o
TC1_Handler                                       src/ASF/sam0/drivers/tc/tc_interrupt.o
TC2_Handler                                       src/ASF/sam0/drivers/tc/tc_interrupt.o
TCC0_Handler                                      src/ASF/sam0/utils/cmsis/samd10/source/gcc/startup_samd10.o
USART_RX_callback                                 src/main.o
WDT_Handler                                       src/ASF/sam0/utils/cmsis/samd10/source/gcc/startup_samd10.o
_Jv_RegisterClasses                               c:/program files (x86)/atmel/studio/7.0/toolchain/arm/arm-gnu-toolchain/bin/../lib/gcc/arm-none-eabi/4.9.3/armv6-m/crtbegin.o
__aeabi_idiv                                      c:/program files (x86)/atmel/studio/7.0/toolchain/arm/arm-gnu-toolchain/bin/../lib/gcc/arm-none-eabi/4.9.3/armv6-m\libgcc.a(_divsi3.o)
                                                  c:/program files (x86)/atmel/studio/7.0/toolchain/arm/arm-gnu-toolchain/bin/../lib/gcc/arm-none-eabi/4.9.3/../../../../arm-none-eabi/lib/armv6-m\libc_nano.a(lib_a-fvwrite.o)
__aeabi_idiv0                                     c:/program files (x86)/atmel/studio/7.0/toolchain/arm/arm-gnu-toolchain/bin/../lib/gcc/arm-none-eabi/4.9.3/armv6-m\libgcc.a(_dvmd_tls.o)
                                                  c:/program files (x86)/atmel/studio/7.0/toolchain/arm/arm-gnu-toolchain/bin/../lib/gcc/arm-none-eabi/4.9.3/armv6-m\libgcc.a(_divsi3.o)
                                                  c:/program files (x86)/atmel/studio/7.0/toolchain/arm/arm-gnu-toolchain/bin/../lib/gcc/arm-none-eabi/4.9.3/armv6-m\libgcc.a(_udivsi3.o)
__aeabi_idivmod                                   c:/program files (x86)/atmel/studio/7.0/toolchain/arm/arm-gnu-toolchain/bin/../lib/gcc/arm-none-eabi/4.9.3/armv6-m\libgcc.a(_divsi3.o)
__aeabi_ldiv0                                     c:/program files (x86)/atmel/studio/7.0/toolchain/arm/arm-gnu-toolchain/bin/../lib/gcc/arm-none-eabi/4.9.3/armv6-m\libgcc.a(_dvmd_tls.o)
__aeabi_lmul                                      c:/program files (x86)/atmel/studio/7.0/toolchain/arm/arm-gnu-toolchain/bin/../lib/gcc/arm-none-eabi/4.9.3/armv6-m\libgcc.a(_muldi3.o)
                                                  c:/program files (x86)/atmel/studio/7.0/toolchain/arm/arm-gnu-toolchain/bin/../lib/gcc/arm-none-eabi/4.9.3/../../../../arm-none-eabi/lib/armv6-m\libc_nano.a(lib_a-rand.o)
                                                  src/ASF/sam0/drivers/sercom/sercom.o
__aeabi_uidiv                                     c:/program files (x86)/atmel/studio/7.0/toolchain/arm/arm-gnu-toolchain/bin/../lib/gcc/arm-none-eabi/4.9.3/armv6-m\libgcc.a(_udivsi3.o)
                                                  c:/program files (x86)/atmel/studio/7.0/toolchain/arm/arm-gnu-toolchain/bin/../lib/gcc/arm-none-eabi/4.9.3/../../../../arm-none-eabi/lib/armv6-m\libc_nano.a(lib_a-nano-vfprintf_i.o)
                                                  src/ASF/sam0/drivers/system/clock/clock_samd09_d10_d11/gclk.o
                                                  src/ASF/sam0/drivers/system/clock/clock_samd09_d10_d11/clock.o
                                                  src/ASF/common2/services/delay/sam0/systick_counter.o
__aeabi_uidivmod                                  c:/program files (x86)/atmel/studio/7.0/toolchain/arm/arm-gnu-toolchain/bin/../lib/gcc/arm-none-eabi/4.9.3/armv6-m\libgcc.a(_udivsi3.o)
                                                  c:/program files (x86)/atmel/studio/7.0/toolchain/arm/arm-gnu-toolchain/bin/../lib/gcc/arm-none-eabi/4.9.3/../../../../arm-none-eabi/lib/armv6-m\libc_nano.a(lib_a-nano-vfprintf_i.o)
                                                  src/tetris.o
__bss_end__                                       c:/program files (x86)/atmel/studio/7.0/toolchain/arm/arm-gnu-toolchain/bin/../lib/gcc/arm-none-eabi/4.9.3/../../../../arm-none-eabi/lib/armv6-m/crt0.o
__bss_start__                                     c:/program files (x86)/atmel/studio/7.0/toolchain/arm/arm-gnu-toolchain/bin/../lib/gcc/arm-none-eabi/4.9.3/../../../../arm-none-eabi/lib/armv6-m/crt0.o
__call_exitprocs                                  c:/program files (x86)/atmel/studio/7.0/toolchain/arm/arm-gnu-toolchain/bin/../lib/gcc/arm-none-eabi/4.9.3/../../../../arm-none-eabi/lib/armv6-m\libc_nano.a(lib_a-exit.o)
__deregister_frame_info                           c:/program files (x86)/atmel/studio/7.0/toolchain/arm/arm-gnu-toolchain/bin/../lib/gcc/arm-none-eabi/4.9.3/armv6-m/crtbegin.o
__divsi3                                          c:/program files (x86)/atmel/studio/7.0/toolchain/arm/arm-gnu-toolchain/bin/../lib/gcc/arm-none-eabi/4.9.3/armv6-m\libgcc.a(_divsi3.o)
__dso_handle                                      c:/program files (x86)/atmel/studio/7.0/toolchain/arm/arm-gnu-toolchain/bin/../lib/gcc/arm-none-eabi/4.9.3/armv6-m/crtbegin.o
__fp_lock_all                                     c:/program files (x86)/atmel/studio/7.0/toolchain/arm/arm-gnu-toolchain/bin/../lib/gcc/arm-none-eabi/4.9.3/../../../../arm-none-eabi/lib/armv6-m\libc_nano.a(lib_a-findfp.o)
__fp_unlock_all                                   c:/program files (x86)/atmel/studio/7.0/toolchain/arm/arm-gnu-toolchain/bin/../lib/gcc/arm-none-eabi/4.9.3/../../../../arm-none-eabi/lib/armv6-m\libc_nano.a(lib_a-findfp.o)
__init_array_end                                  c:/program files (x86)/atmel/studio/7.0/toolchain/arm/arm-gnu-toolchain/bin/../lib/gcc/arm-none-eabi/4.9.3/../../../../arm-none-eabi/lib/armv6-m\libc_nano.a(lib_a-init.o)
__init_array_start                                c:/program files (x86)/atmel/studio/7.0/toolchain/arm/arm-gnu-toolchain/bin/../lib/gcc/arm-none-eabi/4.9.3/../../../../arm-none-eabi/lib/armv6-m\libc_nano.a(lib_a-init.o)